
Discarded input sections

 .group         0x00000000        0xc ./Project_Settings/Startup_Code/exceptions.o
 .group         0x00000000        0xc ./Project_Settings/Startup_Code/exceptions.o
 .group         0x00000000        0xc ./Project_Settings/Startup_Code/exceptions.o
 .group         0x00000000        0xc ./Project_Settings/Startup_Code/exceptions.o
 .group         0x00000000        0xc ./Project_Settings/Startup_Code/exceptions.o
 .group         0x00000000        0xc ./Project_Settings/Startup_Code/exceptions.o
 .group         0x00000000        0xc ./Project_Settings/Startup_Code/exceptions.o
 .group         0x00000000        0xc ./Project_Settings/Startup_Code/exceptions.o
 .group         0x00000000        0xc ./Project_Settings/Startup_Code/exceptions.o
 .group         0x00000000        0xc ./Project_Settings/Startup_Code/exceptions.o
 .group         0x00000000        0xc ./Project_Settings/Startup_Code/exceptions.o
 .group         0x00000000        0xc ./Project_Settings/Startup_Code/exceptions.o
 .group         0x00000000        0xc ./Project_Settings/Startup_Code/exceptions.o
 .group         0x00000000        0xc ./Project_Settings/Startup_Code/exceptions.o
 .group         0x00000000        0xc ./Project_Settings/Startup_Code/exceptions.o
 .group         0x00000000        0xc ./Project_Settings/Startup_Code/exceptions.o
 .group         0x00000000        0xc ./Project_Settings/Startup_Code/exceptions.o
 .group         0x00000000        0xc ./Project_Settings/Startup_Code/exceptions.o
 .group         0x00000000        0xc ./Project_Settings/Startup_Code/exceptions.o
 .group         0x00000000        0xc ./Project_Settings/Startup_Code/exceptions.o
 .group         0x00000000        0xc ./Project_Settings/Startup_Code/exceptions.o
 .group         0x00000000        0xc ./Project_Settings/Startup_Code/exceptions.o
 .group         0x00000000        0xc ./Project_Settings/Startup_Code/exceptions.o
 .group         0x00000000        0xc ./Project_Settings/Startup_Code/nvic.o
 .group         0x00000000        0xc ./Project_Settings/Startup_Code/nvic.o
 .group         0x00000000        0xc ./Project_Settings/Startup_Code/nvic.o
 .group         0x00000000        0xc ./Project_Settings/Startup_Code/nvic.o
 .group         0x00000000        0xc ./Project_Settings/Startup_Code/nvic.o
 .group         0x00000000        0xc ./Project_Settings/Startup_Code/nvic.o
 .group         0x00000000        0xc ./Project_Settings/Startup_Code/nvic.o
 .group         0x00000000        0xc ./Project_Settings/Startup_Code/nvic.o
 .group         0x00000000        0xc ./Project_Settings/Startup_Code/nvic.o
 .group         0x00000000        0xc ./Project_Settings/Startup_Code/nvic.o
 .group         0x00000000        0xc ./Project_Settings/Startup_Code/nvic.o
 .group         0x00000000        0xc ./Project_Settings/Startup_Code/nvic.o
 .group         0x00000000        0xc ./Project_Settings/Startup_Code/nvic.o
 .group         0x00000000        0xc ./Project_Settings/Startup_Code/nvic.o
 .group         0x00000000        0xc ./Project_Settings/Startup_Code/nvic.o
 .group         0x00000000        0xc ./Project_Settings/Startup_Code/nvic.o
 .group         0x00000000        0xc ./Project_Settings/Startup_Code/nvic.o
 .group         0x00000000        0xc ./Project_Settings/Startup_Code/nvic.o
 .group         0x00000000        0xc ./Project_Settings/Startup_Code/nvic.o
 .group         0x00000000        0xc ./Project_Settings/Startup_Code/nvic.o
 .group         0x00000000        0xc ./Project_Settings/Startup_Code/nvic.o
 .group         0x00000000        0xc ./Project_Settings/Startup_Code/nvic.o
 .group         0x00000000        0xc ./Project_Settings/Startup_Code/nvic.o
 .group         0x00000000        0xc ./Project_Settings/Startup_Code/nvic.o
 .group         0x00000000        0xc ./Project_Settings/Startup_Code/nvic.o
 .group         0x00000000        0xc ./Project_Settings/Startup_Code/nvic.o
 .group         0x00000000        0xc ./Project_Settings/Startup_Code/nvic.o
 .group         0x00000000        0xc ./Project_Settings/Startup_Code/nvic.o
 .group         0x00000000        0xc ./Project_Settings/Startup_Code/nvic.o
 .group         0x00000000        0xc ./Project_Settings/Startup_Code/nvic.o
 .group         0x00000000        0xc ./Project_Settings/Startup_Code/nvic.o
 .group         0x00000000        0xc ./Project_Settings/Startup_Code/nvic.o
 .group         0x00000000        0xc ./Project_Settings/Startup_Code/nvic.o
 .group         0x00000000        0xc ./Project_Settings/Startup_Code/nvic.o
 .group         0x00000000        0xc ./Project_Settings/Startup_Code/nvic.o
 .group         0x00000000        0xc ./Project_Settings/Startup_Code/nvic.o
 .group         0x00000000        0xc ./Project_Settings/Startup_Code/nvic.o
 .group         0x00000000        0xc ./Project_Settings/Startup_Code/nvic.o
 .group         0x00000000        0xc ./Project_Settings/Startup_Code/nvic.o
[...]
Memory Configuration

Name             Origin             Length             Attributes
int_flash_interrupts 0x00000000         0x00000400
int_flash_config 0x00000400         0x00000010
int_flash        0x00000410         0x0007fbf0
int_sram_results 0x1fff8000         0x00000100
int_sram         0x1fff8100         0x0000df00
int_sram_stack_c0 0x20006000         0x00001000
ram_rsvd2        0x20007000         0x00000000
*default*        0x00000000         0xffffffff

Linker script and memory map

LOAD ./Project_Settings/Startup_Code/Vector_Table.o
LOAD ./Project_Settings/Startup_Code/exceptions.o
LOAD ./Project_Settings/Startup_Code/nvic.o
LOAD ./Project_Settings/Startup_Code/startup.o
LOAD ./Project_Settings/Startup_Code/startup_cm4.o
LOAD ./Project_Settings/Startup_Code/system.o
LOAD ./RTD/src/Clock_Ip.o
LOAD ./RTD/src/Clock_Ip_Data.o
LOAD ./RTD/src/Clock_Ip_Divider.o
LOAD ./RTD/src/Clock_Ip_DividerTrigger.o
LOAD ./RTD/src/Clock_Ip_ExtOsc.o
LOAD ./RTD/src/Clock_Ip_FracDiv.o
LOAD ./RTD/src/Clock_Ip_Frequency.o
LOAD ./RTD/src/Clock_Ip_Gate.o
LOAD ./RTD/src/Clock_Ip_IntOsc.o
LOAD ./RTD/src/Clock_Ip_Irq.o
LOAD ./RTD/src/Clock_Ip_Monitor.o
LOAD ./RTD/src/Clock_Ip_Pll.o
LOAD ./RTD/src/Clock_Ip_ProgFreqSwitch.o
LOAD ./RTD/src/Clock_Ip_Selector.o
LOAD ./RTD/src/Clock_Ip_Specific.o
LOAD ./RTD/src/Det.o
LOAD ./RTD/src/Det_stub.o
LOAD ./RTD/src/Ewm_Ip.o
LOAD ./RTD/src/Ftm_Gpt_Ip.o
LOAD ./RTD/src/Gpt.o
LOAD ./RTD/src/Gpt_Ipw.o
LOAD ./RTD/src/IntCtrl_Ip.o
LOAD ./RTD/src/LPit_Gpt_Ip.o
LOAD ./RTD/src/Lptmr_Gpt_Ip.o
LOAD ./RTD/src/Mcu.o
LOAD ./RTD/src/Mcu_Dem_Wrapper.o
LOAD ./RTD/src/Mcu_IPW.o
LOAD ./RTD/src/Mcu_IPW_Irq.o
LOAD ./RTD/src/OsIf_Timer.o
LOAD ./RTD/src/OsIf_Timer_System.o
LOAD ./RTD/src/Platform.o
LOAD ./RTD/src/Platform_Ipw.o
LOAD ./RTD/src/Port_Ci_Port_Ip.o
LOAD ./RTD/src/Power_Ip.o
LOAD ./RTD/src/Power_Ip_CMU.o
LOAD ./RTD/src/Power_Ip_CortexM4.o
LOAD ./RTD/src/Power_Ip_PCC.o
LOAD ./RTD/src/Power_Ip_PMC.o
LOAD ./RTD/src/Power_Ip_PMC_Irq.o
LOAD ./RTD/src/Power_Ip_Private.o
LOAD ./RTD/src/Power_Ip_RCM.o
LOAD ./RTD/src/Power_Ip_RCM_Irq.o
LOAD ./RTD/src/Power_Ip_SCG.o
LOAD ./RTD/src/Power_Ip_SIM.o
LOAD ./RTD/src/Power_Ip_SMC.o
LOAD ./RTD/src/Ram_Ip.o
LOAD ./RTD/src/SRtc_Ip.o
LOAD ./RTD/src/SchM_Gpt.o
LOAD ./RTD/src/SchM_Mcu.o
LOAD ./RTD/src/SchM_Port.o
LOAD ./RTD/src/SchM_Wdg.o
LOAD ./RTD/src/System_Ip.o
LOAD ./RTD/src/WdgIf.o
LOAD ./RTD/src/Wdg_43_Instance0.o
LOAD ./RTD/src/Wdg_43_Instance1.o
LOAD ./RTD/src/Wdg_Channel.o
LOAD ./RTD/src/Wdg_Ipw.o
LOAD ./RTD/src/Wdg_Ipw_Irq.o
LOAD ./RTD/src/Wdog_Ip.o
LOAD ./board/Clock_Ip_Cfg.o
LOAD ./board/Clock_Ip_PBcfg.o
LOAD ./board/Port_Ci_Port_Ip_Cfg.o
LOAD ./generate/IntCtrl_Ip/IntCtrl_Ip_Cfg.o
LOAD ./generate/src/Ewm_Ip_VS_0_PBcfg.o
LOAD ./generate/src/Ftm_Gpt_Ip_VS_0_PBcfg.o
LOAD ./generate/src/Gpt_Cfg.o
LOAD ./generate/src/Gpt_Ipw_VS_0_PBcfg.o
LOAD ./generate/src/Gpt_VS_0_PBcfg.o
LOAD ./generate/src/LPit_Gpt_Ip_VS_0_PBcfg.o
LOAD ./generate/src/Lptmr_Gpt_Ip_VS_0_PBcfg.o
LOAD ./generate/src/Mcu_Cfg.o
LOAD ./generate/src/Mcu_VS_0_PBcfg.o
LOAD ./generate/src/OsIf_Cfg.o
LOAD ./generate/src/Platform_Cfg.o
LOAD ./generate/src/Platform_Ipw_Cfg.o
LOAD ./generate/src/Power_Ip_Cfg.o
LOAD ./generate/src/Power_Ip_VS_0_PBcfg.o
LOAD ./generate/src/Ram_Ip_Cfg.o
LOAD ./generate/src/Ram_Ip_VS_0_PBcfg.o
LOAD ./generate/src/SRtc_Ip_VS_0_PBcfg.o
LOAD ./generate/src/Wdg_43_Instance0_Cfg.o
LOAD ./generate/src/Wdg_43_Instance0_Ipw_VS_0_PBcfg.o
LOAD ./generate/src/Wdg_43_Instance0_VS_0_PBcfg.o
LOAD ./generate/src/Wdg_43_Instance1_Cfg.o
LOAD ./generate/src/Wdg_43_Instance1_Ipw_VS_0_PBcfg.o
LOAD ./generate/src/Wdg_43_Instance1_VS_0_PBcfg.o
LOAD ./generate/src/Wdg_CfgExt.o
LOAD ./generate/src/Wdog_Ip_VS_0_PBcfg.o
LOAD ./src/main.o
LOAD C:/NXP/S32DS.3.4/S32DS/build_tools/gcc_b1620/gcc-6.3-arm32-eabi/arm-none-eabi/newlib/lib\libc_nano.a
LOAD C:/NXP/S32DS.3.4/S32DS/build_tools/gcc_b1620/gcc-6.3-arm32-eabi/arm-none-eabi/newlib/lib\libm.a
LOAD c:/nxp/s32ds.3.4/s32ds/build_tools/gcc_v9.2/gcc-9.2-arm32-eabi/bin/../lib/gcc/arm-none-eabi/9.2.0/thumb/v7e-m+fp/hard\libgcc.a
START GROUP
LOAD c:/nxp/s32ds.3.4/s32ds/build_tools/gcc_v9.2/gcc-9.2-arm32-eabi/bin/../lib/gcc/arm-none-eabi/9.2.0/thumb/v7e-m+fp/hard\libgcc.a
LOAD C:/NXP/S32DS.3.4/S32DS/build_tools/gcc_b1620/gcc-6.3-arm32-eabi/arm-none-eabi/newlib/lib\libg_nano.a
LOAD C:/NXP/S32DS.3.4/S32DS/build_tools/gcc_b1620/gcc-6.3-arm32-eabi/arm-none-eabi/newlib/lib\libc_nano.a
END GROUP
START GROUP
LOAD c:/nxp/s32ds.3.4/s32ds/build_tools/gcc_v9.2/gcc-9.2-arm32-eabi/bin/../lib/gcc/arm-none-eabi/9.2.0/thumb/v7e-m+fp/hard\libgcc.a
LOAD C:/NXP/S32DS.3.4/S32DS/build_tools/gcc_b1620/gcc-6.3-arm32-eabi/arm-none-eabi/newlib/lib\libc_nano.a
LOAD C:/NXP/S32DS.3.4/S32DS/build_tools/gcc_b1620/gcc-6.3-arm32-eabi/arm-none-eabi/newlib/lib\libnosys.a
END GROUP
START GROUP
LOAD c:/nxp/s32ds.3.4/s32ds/build_tools/gcc_v9.2/gcc-9.2-arm32-eabi/bin/../lib/gcc/arm-none-eabi/9.2.0/thumb/v7e-m+fp/hard\libgcc.a
LOAD C:/NXP/S32DS.3.4/S32DS/build_tools/gcc_b1620/gcc-6.3-arm32-eabi/arm-none-eabi/newlib/lib\libc_nano.a
LOAD C:/NXP/S32DS.3.4/S32DS/build_tools/gcc_b1620/gcc-6.3-arm32-eabi/arm-none-eabi/newlib/lib\libnosys.a
END GROUP
                0x00000200                HEAP_SIZE = DEFINED (__heap_size__)?__heap_size__:0x200

.flash_interrupts
                0x00000000      0x310
                0x00000000                . = ALIGN (0x1000)
                0x00000000                __interrupts_rom_start = .
 *(.intc_vector)
 .intc_vector   0x00000000      0x310 ./Project_Settings/Startup_Code/Vector_Table.o
                0x00000000                VTABLE
                0x00000310                . = ALIGN (0x4)
                0x00000310                __interrupts_rom_end = .

.flash_config   0x00000400       0x10
 *(.flash_config)
 .flash_config  0x00000400       0x10 ./Project_Settings/Startup_Code/startup_cm4.o

.flash          0x00000410     0x6338
                0x00000410                . = ALIGN (0x4)
 *(.startup)
 .startup       0x00000410       0xb8 ./Project_Settings/Startup_Code/startup_cm4.o
                0x00000410                Reset_Handler
                0x00000410                _start
                0x00000494                MCAL_LTB_TRACE_OFF
                0x00000496                _end_of_eunit_test
                0x000004c8                . = ALIGN (0x4)
 *(.systeminit)
 .systeminit    0x000004c8        0x2 ./Project_Settings/Startup_Code/exceptions.o
                0x000004c8                NMI_Handler
 *fill*         0x000004ca        0x2 
 .systeminit    0x000004cc       0x88 ./Project_Settings/Startup_Code/system.o
                0x000004cc                SystemInit
                0x00000554                . = ALIGN (0x4)
 *(.text.startup)
 .text.startup  0x00000554       0xe4 ./src/main.o
                0x00000554                main
                0x00000638                . = ALIGN (0x4)
 *(.text)
 .text          0x00000638        0x0 ./Project_Settings/Startup_Code/Vector_Table.o
 .text          0x00000638       0x12 ./Project_Settings/Startup_Code/exceptions.o
                0x00000638                HardFault_Handler
                0x0000063a                MemManage_Handler
                0x0000063c                BusFault_Handler
                0x0000063e                UsageFault_Handler
                0x00000640                SVC_Handler
                0x00000642                DebugMon_Handler
                0x00000644                PendSV_Handler
                0x00000646                SysTick_Handler
                0x00000648                undefined_handler
 *fill*         0x0000064a        0x2 
 .text          0x0000064c       0x5c ./Project_Settings/Startup_Code/nvic.o
                0x0000064c                NVIC_SetPriorityGrouping
                0x00000660                NVIC_EnableIRQ
                0x00000678                NVIC_DisableIRQ
                0x00000694                NVIC_SetPriority
 .text          0x000006a8       0x54 ./Project_Settings/Startup_Code/startup.o
                0x000006a8                init_data_bss
 .text          0x000006fc        0x0 ./Project_Settings/Startup_Code/startup_cm4.o
 .text          0x000006fc        0x8 ./Project_Settings/Startup_Code/system.o
                0x000006fc                startup_go_to_user_mode
                0x000006fe                default_interrupt_routine
                0x00000700                Sys_GetCoreID
 .text          0x00000704        0x0 ./RTD/src/Clock_Ip.o
 .text          0x00000704        0x0 ./RTD/src/Clock_Ip_Data.o
 .text          0x00000704        0x0 ./RTD/src/Clock_Ip_Divider.o
 .text          0x00000704        0x0 ./RTD/src/Clock_Ip_DividerTrigger.o
 .text          0x00000704        0x0 ./RTD/src/Clock_Ip_ExtOsc.o
 .text          0x00000704        0x0 ./RTD/src/Clock_Ip_FracDiv.o
 .text          0x00000704        0x0 ./RTD/src/Clock_Ip_Frequency.o
 .text          0x00000704        0x0 ./RTD/src/Clock_Ip_Gate.o
 .text          0x00000704        0x0 ./RTD/src/Clock_Ip_IntOsc.o
 .text          0x00000704        0x0 ./RTD/src/Clock_Ip_Irq.o
 .text          0x00000704        0x0 ./RTD/src/Clock_Ip_Monitor.o
 .text          0x00000704        0x0 ./RTD/src/Clock_Ip_Pll.o
 .text          0x00000704        0x0 ./RTD/src/Clock_Ip_ProgFreqSwitch.o
 .text          0x00000704        0x0 ./RTD/src/Clock_Ip_Selector.o
 .text          0x00000704        0x0 ./RTD/src/Clock_Ip_Specific.o
 .text          0x00000704        0x0 ./RTD/src/Det.o
 .text          0x00000704        0x0 ./RTD/src/Det_stub.o
 .text          0x00000704        0x0 ./RTD/src/Ewm_Ip.o
 .text          0x00000704        0x0 ./RTD/src/Ftm_Gpt_Ip.o
 .text          0x00000704        0x0 ./RTD/src/Gpt.o
 .text          0x00000704        0x0 ./RTD/src/Gpt_Ipw.o
 .text          0x00000704        0x0 ./RTD/src/IntCtrl_Ip.o
 .text          0x00000704       0x38 ./RTD/src/LPit_Gpt_Ip.o
                0x00000704                LPIT_0_CH_0_ISR
 .text          0x0000073c        0x0 ./RTD/src/Lptmr_Gpt_Ip.o
 .text          0x0000073c        0x0 ./RTD/src/Mcu.o
 .text          0x0000073c        0x0 ./RTD/src/Mcu_Dem_Wrapper.o
 .text          0x0000073c        0x0 ./RTD/src/Mcu_IPW.o
 .text          0x0000073c        0x0 ./RTD/src/Mcu_IPW_Irq.o
 .text          0x0000073c        0x0 ./RTD/src/OsIf_Timer.o
 .text          0x0000073c        0x0 ./RTD/src/OsIf_Timer_System.o
 .text          0x0000073c        0x0 ./RTD/src/Platform.o
 .text          0x0000073c        0x0 ./RTD/src/Platform_Ipw.o
 .text          0x0000073c        0x0 ./RTD/src/Port_Ci_Port_Ip.o
 .text          0x0000073c        0x0 ./RTD/src/Power_Ip.o
 .text          0x0000073c        0x0 ./RTD/src/Power_Ip_CMU.o
 .text          0x0000073c        0x0 ./RTD/src/Power_Ip_CortexM4.o
 .text          0x0000073c        0x0 ./RTD/src/Power_Ip_PCC.o
 .text          0x0000073c        0x0 ./RTD/src/Power_Ip_PMC.o
 .text          0x0000073c        0x0 ./RTD/src/Power_Ip_PMC_Irq.o
 .text          0x0000073c        0x0 ./RTD/src/Power_Ip_Private.o
 .text          0x0000073c        0x0 ./RTD/src/Power_Ip_RCM.o
 .text          0x0000073c        0x0 ./RTD/src/Power_Ip_RCM_Irq.o
 .text          0x0000073c        0x0 ./RTD/src/Power_Ip_SCG.o
 .text          0x0000073c        0x0 ./RTD/src/Power_Ip_SIM.o
 .text          0x0000073c        0x0 ./RTD/src/Power_Ip_SMC.o
 .text          0x0000073c        0x0 ./RTD/src/Ram_Ip.o
 .text          0x0000073c        0x0 ./RTD/src/SRtc_Ip.o
 .text          0x0000073c        0x6 ./RTD/src/SchM_Gpt.o
                0x0000073c                Gpt_schm_read_msr
 .text          0x00000742        0x6 ./RTD/src/SchM_Mcu.o
                0x00000742                Mcu_schm_read_msr
 .text          0x00000748        0x6 ./RTD/src/SchM_Port.o
                0x00000748                Port_schm_read_msr
 .text          0x0000074e        0x6 ./RTD/src/SchM_Wdg.o
                0x0000074e                Wdg_schm_read_msr
 .text          0x00000754        0x0 ./RTD/src/System_Ip.o
 .text          0x00000754        0x0 ./RTD/src/WdgIf.o
 .text          0x00000754        0x0 ./RTD/src/Wdg_43_Instance0.o
 .text          0x00000754        0x0 ./RTD/src/Wdg_43_Instance1.o
 .text          0x00000754        0x0 ./RTD/src/Wdg_Channel.o
 .text          0x00000754        0x0 ./RTD/src/Wdg_Ipw.o
 .text          0x00000754        0x0 ./RTD/src/Wdg_Ipw_Irq.o
 .text          0x00000754        0x0 ./RTD/src/Wdog_Ip.o
 .text          0x00000754        0x0 ./board/Clock_Ip_Cfg.o
 .text          0x00000754        0x0 ./board/Clock_Ip_PBcfg.o
 .text          0x00000754        0x0 ./board/Port_Ci_Port_Ip_Cfg.o
 .text          0x00000754        0x0 ./generate/IntCtrl_Ip/IntCtrl_Ip_Cfg.o
 .text          0x00000754        0x0 ./generate/src/Ewm_Ip_VS_0_PBcfg.o
 .text          0x00000754        0x0 ./generate/src/Ftm_Gpt_Ip_VS_0_PBcfg.o
 .text          0x00000754        0x0 ./generate/src/Gpt_Cfg.o
 .text          0x00000754        0x0 ./generate/src/Gpt_Ipw_VS_0_PBcfg.o
 .text          0x00000754        0x0 ./generate/src/Gpt_VS_0_PBcfg.o
 .text          0x00000754        0x0 ./generate/src/LPit_Gpt_Ip_VS_0_PBcfg.o
 .text          0x00000754        0x0 ./generate/src/Lptmr_Gpt_Ip_VS_0_PBcfg.o
 .text          0x00000754        0x0 ./generate/src/Mcu_Cfg.o
 .text          0x00000754        0x0 ./generate/src/Mcu_VS_0_PBcfg.o
 .text          0x00000754        0x0 ./generate/src/OsIf_Cfg.o
 .text          0x00000754        0x0 ./generate/src/Platform_Cfg.o
 .text          0x00000754        0x0 ./generate/src/Platform_Ipw_Cfg.o
 .text          0x00000754        0x0 ./generate/src/Power_Ip_Cfg.o
 .text          0x00000754        0x0 ./generate/src/Power_Ip_VS_0_PBcfg.o
 .text          0x00000754        0x0 ./generate/src/Ram_Ip_Cfg.o
 .text          0x00000754        0x0 ./generate/src/Ram_Ip_VS_0_PBcfg.o
 .text          0x00000754        0x0 ./generate/src/SRtc_Ip_VS_0_PBcfg.o
 .text          0x00000754        0x0 ./generate/src/Wdg_43_Instance0_Cfg.o
 .text          0x00000754        0x0 ./generate/src/Wdg_43_Instance0_Ipw_VS_0_PBcfg.o
 .text          0x00000754        0x0 ./generate/src/Wdg_43_Instance0_VS_0_PBcfg.o
 .text          0x00000754        0x0 ./generate/src/Wdg_43_Instance1_Cfg.o
 .text          0x00000754        0x0 ./generate/src/Wdg_43_Instance1_Ipw_VS_0_PBcfg.o
 .text          0x00000754        0x0 ./generate/src/Wdg_43_Instance1_VS_0_PBcfg.o
 .text          0x00000754        0x0 ./generate/src/Wdg_CfgExt.o
 .text          0x00000754        0x0 ./generate/src/Wdog_Ip_VS_0_PBcfg.o
 .text          0x00000754       0x20 ./src/main.o
                0x00000754                delay
                0x00000766                Wdg_CallBackNotification1
 *(.text*)
                0x00000774                . = ALIGN (0x4)
 *(.mcal_text)
 .mcal_text     0x00000774      0x7f8 ./RTD/src/Clock_Ip.o
                0x00000776                Clock_Ip_InitClock
                0x00000ccc                Clock_Ip_GetPllStatus
                0x00000d0c                Clock_Ip_DistributePll
                0x00000e04                Clock_Ip_Init
                0x00000e28                Clock_Ip_DisableClockMonitor
                0x00000e50                Clock_Ip_GetClockMonitorStatus
                0x00000e78                Clock_Ip_ClearClockMonitorStatus
                0x00000ea0                Clock_Ip_PowerModeChangeNotification
                0x00000ec8                Clock_Ip_InstallNotificationsCallback
                0x00000ed4                Clock_Ip_DisableModuleClock
                0x00000efc                Clock_Ip_EnableModuleClock
                0x00000f24                ReportClockErrors
                0x00000f30                ClockStartTimeout
                0x00000f50                ClockTimeoutExpired
 .mcal_text     0x00000f6c      0x1d0 ./RTD/src/Clock_Ip_Divider.o
 .mcal_text     0x0000113c        0x2 ./RTD/src/Clock_Ip_DividerTrigger.o
 *fill*         0x0000113e        0x2 
 .mcal_text     0x00001140      0x144 ./RTD/src/Clock_Ip_ExtOsc.o
 .mcal_text     0x00001284        0x6 ./RTD/src/Clock_Ip_FracDiv.o
 *fill*         0x0000128a        0x2 
 .mcal_text     0x0000128c      0x164 ./RTD/src/Clock_Ip_Gate.o
 .mcal_text     0x000013f0      0x3d8 ./RTD/src/Clock_Ip_IntOsc.o
 .mcal_text     0x000017c8        0xa ./RTD/src/Clock_Ip_Monitor.o
 *fill*         0x000017d2        0x2 
 .mcal_text     0x000017d4      0x118 ./RTD/src/Clock_Ip_Pll.o
 .mcal_text     0x000018ec        0x2 ./RTD/src/Clock_Ip_ProgFreqSwitch.o
 *fill*         0x000018ee        0x2 
 .mcal_text     0x000018f0      0x2d4 ./RTD/src/Clock_Ip_Selector.o
 .mcal_text     0x00001bc4      0x7f0 ./RTD/src/Clock_Ip_Specific.o
                0x00001bc4                SpecificPeripheralClockInitialization
                0x00001bc6                DisableSafeClock
                0x00001c2c                SpecificPlatformInitClock
                0x00001d0c                ClockInitializeObjects
                0x00002208                ClockPowerModeChangeNotification
 .mcal_text     0x000023b4       0x7c ./RTD/src/Det.o
                0x000023b4                Det_Init
                0x000023b6                Det_ReportError
                0x000023dc                Det_ReportRuntimeError
                0x00002404                Det_ReportTransientFault
                0x0000242c                Det_Start
 .mcal_text     0x00002430      0x198 ./RTD/src/Det_stub.o
                0x00002430                Det_TestLastReportError
                0x00002474                Det_TestLastReportRuntimeError
                0x000024b8                Det_TestLastReportTransientFault
                0x000024fc                Det_TestNoError
                0x00002540                Det_TestNoRuntimeError
                0x00002584                Det_TestNoTransientFault
 .mcal_text     0x000025c8       0x94 ./RTD/src/Ewm_Ip.o
                0x000025c8                Ewm_Ip_Init
                0x00002624                Ewm_Ip_Service
                0x00002638                Ewm_Ip_IrqHandler
 .mcal_text     0x0000265c      0x37c ./RTD/src/Ftm_Gpt_Ip.o
                0x00002684                Ftm_Gpt_Ip_GetCounter
                0x00002694                Ftm_Gpt_Ip_GetCompareValue
                0x000026a8                Ftm_Gpt_Ip_GetInterruptFlag
                0x000026c0                Ftm_Gpt_Ip_GetInterruptBit
                0x000026d8                Ftm_Gpt_Ip_Init
                0x0000275c                Ftm_Gpt_Ip_InitChannel
                0x000027c8                Ftm_Gpt_Ip_Deinit
                0x00002844                Ftm_Gpt_Ip_StartCounting
                0x00002890                Ftm_Gpt_Ip_StartTimer
                0x000028cc                Ftm_Gpt_Ip_StopTimer
                0x00002900                Ftm_Gpt_Ip_EnableChannelInterrupt
                0x0000292c                Ftm_Gpt_Ip_DisableChannelInterrupt
                0x0000295c                Ftm_Gpt_Ip_SetHalfCycleReloadPoint
                0x0000296c                FTM_0_CH_0_CH_1_ISR
 .mcal_text     0x000029d8      0x3c0 ./RTD/src/Gpt.o
                0x000029f8                Gpt_Init
                0x00002a64                Gpt_DeInit
                0x00002aec                Gpt_GetTimeElapsed
                0x00002b5c                Gpt_GetTimeRemaining
                0x00002bcc                Gpt_StartTimer
                0x00002c38                Gpt_StopTimer
                0x00002cbc                Gpt_EnableNotification
                0x00002cf0                Gpt_DisableNotification
                0x00002d3c                Gpt_ProcessCommonInterrupt
 .mcal_text     0x00002d98      0x160 ./RTD/src/Gpt_Ipw.o
                0x00002d98                Gpt_Ipw_InitInstances
                0x00002dd0                Gpt_Ipw_Init
                0x00002dea                Gpt_Ipw_StartTimer
                0x00002e12                Gpt_Ipw_GetTimeElapsed
                0x00002ea8                Gpt_Ipw_StopTimer
                0x00002ec2                Gpt_Ipw_EnableInterrupt
                0x00002ed2                Gpt_Ipw_DeInit
                0x00002ee8                Gpt_Ipw_DisableInterrupt
 .mcal_text     0x00002ef8      0x120 ./RTD/src/IntCtrl_Ip.o
                0x00002ef8                IntCtrl_Ip_Init
                0x00002f40                IntCtrl_Ip_ConfigIrqRouting
                0x00002f7e                IntCtrl_Ip_InstallHandler
                0x00002fa8                IntCtrl_Ip_EnableIrq
                0x00002fc0                IntCtrl_Ip_DisableIrq
                0x00002fdc                IntCtrl_Ip_SetPriority
                0x00002fee                IntCtrl_Ip_GetPriority
                0x00002ffe                IntCtrl_Ip_ClearPending
 .mcal_text     0x00003018      0x278 ./RTD/src/LPit_Gpt_Ip.o
                0x00003018                Lpit_Gpt_Ip_GetInterruptFlagTimerChannels
                0x00003038                Lpit_Gpt_Ip_GetTimerInterruptEnable
                0x0000304c                Lpit_Gpt_Ip_GetCurrentTimervalue
                0x00003058                Lpit_Gpt_Ip_GetTimerValue
                0x00003068                Lpit_Gpt_Ip_Init
                0x000030bc                Lpit_Gpt_Ip_InitChannel
                0x00003154                Lpit_Gpt_Ip_Deinit
                0x000031e4                Lpit_Gpt_Ip_StartTimer
                0x00003220                Lpit_Gpt_Ip_StopTimer
                0x00003248                Lpit_Gpt_Ip_EnableChInterrupt
                0x0000326c                Lpit_Gpt_Ip_DisableChInterrupt
 .mcal_text     0x00003290       0xcc ./RTD/src/Mcu.o
                0x00003290                Mcu_Init
                0x000032e8                Mcu_InitRamSection
                0x000032ec                Mcu_InitClock
                0x00003310                Mcu_SetMode
                0x00003340                Mcu_DistributePllClock
                0x0000334a                Mcu_GetPllStatus
                0x0000334e                Mcu_GetResetReason
                0x00003352                Mcu_GetResetRawValue
                0x00003356                Mcu_SleepOnExit
 .mcal_text     0x0000335c       0x46 ./RTD/src/Mcu_IPW.o
                0x0000335c                Mcu_Ipw_Init
                0x0000336e                Mcu_Ipw_InitClock
                0x00003372                Mcu_Ipw_DistributePllClock
                0x00003376                Mcu_Ipw_GetPllStatus
                0x0000338c                Mcu_Ipw_SetMode
                0x00003390                Mcu_Ipw_GetResetReason
                0x00003394                Mcu_Ipw_GetResetRawValue
                0x00003398                Mcu_Ipw_SleepOnExit
 .mcal_text     0x000033a2       0x1c ./RTD/src/OsIf_Timer.o
                0x000033a2                OsIf_Init
                0x000033a8                OsIf_GetCounter
                0x000033ac                OsIf_GetElapsed
                0x000033b4                OsIf_SetTimerFrequency
                0x000033b6                OsIf_MicrosToTicks
 *fill*         0x000033be        0x2 
 .mcal_text     0x000033c0       0xb0 ./RTD/src/Platform.o
                0x000033c0                Platform_Init
                0x000033dc                Platform_SetIrq
                0x00003406                Platform_SetIrqPriority
                0x00003428                Platform_GetIrqPriority
                0x00003452                Platform_InstallIrqHandler
 .mcal_text     0x00003470       0x3e ./RTD/src/Platform_Ipw.o
                0x00003470                Platform_Ipw_Init
 .mcal_text     0x000034ae      0x1fa ./RTD/src/Port_Ci_Port_Ip.o
                0x000034ae                Port_Ci_Port_Ip_ReadPCR
                0x000034b4                Port_Ci_Port_Ip_SetPCR
                0x000034ba                Port_Ci_Port_Ip_SetPSOR
                0x000034be                Port_Ci_Port_Ip_SetPCOR
                0x000034c2                Port_Ci_Port_Ip_SetPDDR
                0x000034da                Port_Ci_Port_Ip_ClearPDDR
                0x000034f4                Port_Ci_Port_Ip_SetPIDR
                0x0000350c                Port_Ci_Port_Ip_SetDFER
                0x00003528                Port_Ci_Port_Ip_Init
                0x00003600                Port_Ci_Port_Ip_SetMuxModeSel
                0x00003628                Port_Ci_Port_Ip_EnableDigitalFilter
                0x0000364a                Port_Ci_Port_Ip_DisableDigitalFilter
                0x0000366e                Port_Ci_Port_Ip_ConfigDigitalFilter
                0x00003684                Port_Ci_Port_Ip_SetGlobalPinControl
 .mcal_text     0x000036a8       0x6c ./RTD/src/Power_Ip.o
                0x000036a8                Power_Ip_SetMode
                0x000036cc                Power_Ip_GetResetReason
                0x000036e4                Power_Ip_GetResetRawValue
                0x000036e8                Power_Ip_InitReset
                0x000036ee                Power_Ip_InitPower
                0x00003702                Power_Ip_DisableSleepOnExit
                0x00003706                Power_Ip_EnableSleepOnExit
                0x0000370a                Power_Ip_InstallNotificationsCallback
 .mcal_text     0x00003714       0x40 ./RTD/src/Power_Ip_CortexM4.o
                0x00003714                Power_Ip_CM4_DisableSleepOnExit
                0x00003724                Power_Ip_CM4_EnableSleepOnExit
                0x00003734                Power_Ip_CM4_EnableDeepSleep
                0x00003744                Power_Ip_CM4_DisableDeepSleep
 .mcal_text     0x00003754       0x2c ./RTD/src/Power_Ip_PMC.o
                0x00003754                Power_Ip_PMC_PowerInit
 .mcal_text     0x00003780       0x4c ./RTD/src/Power_Ip_Private.o
                0x00003780                ReportPowerErrors
                0x0000378c                ReportPowerErrorsEmptyCallback
                0x0000378e                PowerStartTimeout
                0x000037ae                PowerTimeoutExpired
 .mcal_text     0x000037cc       0x9c ./RTD/src/Power_Ip_RCM.o
                0x000037cc                Power_Ip_RCM_ResetInit
                0x000037ec                Power_Ip_RCM_GetResetReason
                0x00003848                Power_Ip_RCM_GetResetRawValue
 .mcal_text     0x00003868       0x34 ./RTD/src/Power_Ip_SCG.o
                0x00003868                Power_Ip_SCG_DisableClockMonitors
                0x00003888                Power_Ip_SCG_DisableSpllClock
 .mcal_text     0x0000389c       0xe0 ./RTD/src/Power_Ip_SMC.o
                0x0000389c                Power_Ip_SMC_AllowedModesConfig
                0x000038ac                Power_Ip_SMC_ModeCheckEntry
                0x000038d8                Power_Ip_SMC_ModeConfig
 .mcal_text     0x0000397c       0xe0 ./RTD/src/Ram_Ip.o
                0x0000397c                Ram_Ip_InitRamSection
 .mcal_text     0x00003a5c      0xe10 ./RTD/src/SchM_Gpt.o
                0x00003a5c                SchM_Enter_Gpt_GPT_EXCLUSIVE_AREA_00
                0x00003a84                SchM_Exit_Gpt_GPT_EXCLUSIVE_AREA_00
                0x00003aa4                SchM_Enter_Gpt_GPT_EXCLUSIVE_AREA_01
                0x00003acc                SchM_Exit_Gpt_GPT_EXCLUSIVE_AREA_01
                0x00003aec                SchM_Enter_Gpt_GPT_EXCLUSIVE_AREA_02
                0x00003b14                SchM_Exit_Gpt_GPT_EXCLUSIVE_AREA_02
                0x00003b34                SchM_Enter_Gpt_GPT_EXCLUSIVE_AREA_03
                0x00003b5c                SchM_Exit_Gpt_GPT_EXCLUSIVE_AREA_03
                0x00003b7c                SchM_Enter_Gpt_GPT_EXCLUSIVE_AREA_04
                0x00003ba4                SchM_Exit_Gpt_GPT_EXCLUSIVE_AREA_04
                0x00003bc4                SchM_Enter_Gpt_GPT_EXCLUSIVE_AREA_05
                0x00003bec                SchM_Exit_Gpt_GPT_EXCLUSIVE_AREA_05
                0x00003c0c                SchM_Enter_Gpt_GPT_EXCLUSIVE_AREA_06
                0x00003c34                SchM_Exit_Gpt_GPT_EXCLUSIVE_AREA_06
                0x00003c54                SchM_Enter_Gpt_GPT_EXCLUSIVE_AREA_07
                0x00003c7c                SchM_Exit_Gpt_GPT_EXCLUSIVE_AREA_07
                0x00003c9c                SchM_Enter_Gpt_GPT_EXCLUSIVE_AREA_10
                0x00003cc4                SchM_Exit_Gpt_GPT_EXCLUSIVE_AREA_10
                0x00003ce4                SchM_Enter_Gpt_GPT_EXCLUSIVE_AREA_11
                0x00003d0c                SchM_Exit_Gpt_GPT_EXCLUSIVE_AREA_11
                0x00003d2c                SchM_Enter_Gpt_GPT_EXCLUSIVE_AREA_17
                0x00003d54                SchM_Exit_Gpt_GPT_EXCLUSIVE_AREA_17
                0x00003d74                SchM_Enter_Gpt_GPT_EXCLUSIVE_AREA_18
                0x00003d9c                SchM_Exit_Gpt_GPT_EXCLUSIVE_AREA_18
                0x00003dbc                SchM_Enter_Gpt_GPT_EXCLUSIVE_AREA_20
                0x00003de4                SchM_Exit_Gpt_GPT_EXCLUSIVE_AREA_20
                0x00003e04                SchM_Enter_Gpt_GPT_EXCLUSIVE_AREA_21
                0x00003e2c                SchM_Exit_Gpt_GPT_EXCLUSIVE_AREA_21
                0x00003e4c                SchM_Enter_Gpt_GPT_EXCLUSIVE_AREA_22
                0x00003e74                SchM_Exit_Gpt_GPT_EXCLUSIVE_AREA_22
                0x00003e94                SchM_Enter_Gpt_GPT_EXCLUSIVE_AREA_23
                0x00003ebc                SchM_Exit_Gpt_GPT_EXCLUSIVE_AREA_23
                0x00003edc                SchM_Enter_Gpt_GPT_EXCLUSIVE_AREA_24
                0x00003f04                SchM_Exit_Gpt_GPT_EXCLUSIVE_AREA_24
                0x00003f24                SchM_Enter_Gpt_GPT_EXCLUSIVE_AREA_25
                0x00003f4c                SchM_Exit_Gpt_GPT_EXCLUSIVE_AREA_25
                0x00003f6c                SchM_Enter_Gpt_GPT_EXCLUSIVE_AREA_26
                0x00003f94                SchM_Exit_Gpt_GPT_EXCLUSIVE_AREA_26
                0x00003fb4                SchM_Enter_Gpt_GPT_EXCLUSIVE_AREA_27
                0x00003fdc                SchM_Exit_Gpt_GPT_EXCLUSIVE_AREA_27
                0x00003ffc                SchM_Enter_Gpt_GPT_EXCLUSIVE_AREA_28
                0x00004024                SchM_Exit_Gpt_GPT_EXCLUSIVE_AREA_28
                0x00004044                SchM_Enter_Gpt_GPT_EXCLUSIVE_AREA_29
                0x0000406c                SchM_Exit_Gpt_GPT_EXCLUSIVE_AREA_29
                0x0000408c                SchM_Enter_Gpt_GPT_EXCLUSIVE_AREA_30
                0x000040b4                SchM_Exit_Gpt_GPT_EXCLUSIVE_AREA_30
                0x000040d4                SchM_Enter_Gpt_GPT_EXCLUSIVE_AREA_31
                0x000040fc                SchM_Exit_Gpt_GPT_EXCLUSIVE_AREA_31
                0x0000411c                SchM_Enter_Gpt_GPT_EXCLUSIVE_AREA_35
                0x00004144                SchM_Exit_Gpt_GPT_EXCLUSIVE_AREA_35
                0x00004164                SchM_Enter_Gpt_GPT_EXCLUSIVE_AREA_36
                0x0000418c                SchM_Exit_Gpt_GPT_EXCLUSIVE_AREA_36
                0x000041ac                SchM_Enter_Gpt_GPT_EXCLUSIVE_AREA_38
                0x000041d4                SchM_Exit_Gpt_GPT_EXCLUSIVE_AREA_38
                0x000041f4                SchM_Enter_Gpt_GPT_EXCLUSIVE_AREA_39
                0x0000421c                SchM_Exit_Gpt_GPT_EXCLUSIVE_AREA_39
                0x0000423c                SchM_Enter_Gpt_GPT_EXCLUSIVE_AREA_40
                0x00004264                SchM_Exit_Gpt_GPT_EXCLUSIVE_AREA_40
                0x00004284                SchM_Enter_Gpt_GPT_EXCLUSIVE_AREA_41
                0x000042ac                SchM_Exit_Gpt_GPT_EXCLUSIVE_AREA_41
                0x000042cc                SchM_Enter_Gpt_GPT_EXCLUSIVE_AREA_42
                0x000042f4                SchM_Exit_Gpt_GPT_EXCLUSIVE_AREA_42
                0x00004314                SchM_Enter_Gpt_GPT_EXCLUSIVE_AREA_43
                0x0000433c                SchM_Exit_Gpt_GPT_EXCLUSIVE_AREA_43
                0x0000435c                SchM_Enter_Gpt_GPT_EXCLUSIVE_AREA_44
                0x00004384                SchM_Exit_Gpt_GPT_EXCLUSIVE_AREA_44
                0x000043a4                SchM_Enter_Gpt_GPT_EXCLUSIVE_AREA_45
                0x000043cc                SchM_Exit_Gpt_GPT_EXCLUSIVE_AREA_45
                0x000043ec                SchM_Enter_Gpt_GPT_EXCLUSIVE_AREA_46
                0x00004414                SchM_Exit_Gpt_GPT_EXCLUSIVE_AREA_46
                0x00004434                SchM_Enter_Gpt_GPT_EXCLUSIVE_AREA_50
                0x0000445c                SchM_Exit_Gpt_GPT_EXCLUSIVE_AREA_50
                0x0000447c                SchM_Enter_Gpt_GPT_EXCLUSIVE_AREA_51
                0x000044a4                SchM_Exit_Gpt_GPT_EXCLUSIVE_AREA_51
                0x000044c4                SchM_Enter_Gpt_GPT_EXCLUSIVE_AREA_52
                0x000044ec                SchM_Exit_Gpt_GPT_EXCLUSIVE_AREA_52
                0x0000450c                SchM_Enter_Gpt_GPT_EXCLUSIVE_AREA_53
                0x00004534                SchM_Exit_Gpt_GPT_EXCLUSIVE_AREA_53
                0x00004554                SchM_Enter_Gpt_GPT_EXCLUSIVE_AREA_54
                0x0000457c                SchM_Exit_Gpt_GPT_EXCLUSIVE_AREA_54
                0x0000459c                SchM_Enter_Gpt_GPT_EXCLUSIVE_AREA_55
                0x000045c4                SchM_Exit_Gpt_GPT_EXCLUSIVE_AREA_55
                0x000045e4                SchM_Enter_Gpt_GPT_EXCLUSIVE_AREA_56
                0x0000460c                SchM_Exit_Gpt_GPT_EXCLUSIVE_AREA_56
                0x0000462c                SchM_Enter_Gpt_GPT_EXCLUSIVE_AREA_60
                0x00004654                SchM_Exit_Gpt_GPT_EXCLUSIVE_AREA_60
                0x00004674                SchM_Enter_Gpt_GPT_EXCLUSIVE_AREA_61
                0x0000469c                SchM_Exit_Gpt_GPT_EXCLUSIVE_AREA_61
                0x000046bc                SchM_Enter_Gpt_GPT_EXCLUSIVE_AREA_62
                0x000046e4                SchM_Exit_Gpt_GPT_EXCLUSIVE_AREA_62
                0x00004704                SchM_Enter_Gpt_GPT_EXCLUSIVE_AREA_63
                0x0000472c                SchM_Exit_Gpt_GPT_EXCLUSIVE_AREA_63
                0x0000474c                SchM_Enter_Gpt_GPT_EXCLUSIVE_AREA_64
                0x00004774                SchM_Exit_Gpt_GPT_EXCLUSIVE_AREA_64
                0x00004794                SchM_Enter_Gpt_GPT_EXCLUSIVE_AREA_65
                0x000047bc                SchM_Exit_Gpt_GPT_EXCLUSIVE_AREA_65
                0x000047dc                SchM_Enter_Gpt_GPT_EXCLUSIVE_AREA_66
                0x00004804                SchM_Exit_Gpt_GPT_EXCLUSIVE_AREA_66
                0x00004824                SchM_Enter_Gpt_GPT_EXCLUSIVE_AREA_67
                0x0000484c                SchM_Exit_Gpt_GPT_EXCLUSIVE_AREA_67
 .mcal_text     0x0000486c       0xd8 ./RTD/src/SchM_Mcu.o
                0x0000486c                SchM_Enter_Mcu_MCU_EXCLUSIVE_AREA_00
                0x00004894                SchM_Exit_Mcu_MCU_EXCLUSIVE_AREA_00
                0x000048b4                SchM_Enter_Mcu_MCU_EXCLUSIVE_AREA_01
                0x000048dc                SchM_Exit_Mcu_MCU_EXCLUSIVE_AREA_01
                0x000048fc                SchM_Enter_Mcu_MCU_EXCLUSIVE_AREA_02
                0x00004924                SchM_Exit_Mcu_MCU_EXCLUSIVE_AREA_02
 .mcal_text     0x00004944      0x288 ./RTD/src/SchM_Port.o
                0x00004944                SchM_Enter_Port_PORT_EXCLUSIVE_AREA_00
                0x0000496c                SchM_Exit_Port_PORT_EXCLUSIVE_AREA_00
                0x0000498c                SchM_Enter_Port_PORT_EXCLUSIVE_AREA_01
                0x000049b4                SchM_Exit_Port_PORT_EXCLUSIVE_AREA_01
                0x000049d4                SchM_Enter_Port_PORT_EXCLUSIVE_AREA_02
                0x000049fc                SchM_Exit_Port_PORT_EXCLUSIVE_AREA_02
                0x00004a1c                SchM_Enter_Port_PORT_EXCLUSIVE_AREA_03
                0x00004a44                SchM_Exit_Port_PORT_EXCLUSIVE_AREA_03
                0x00004a64                SchM_Enter_Port_PORT_EXCLUSIVE_AREA_04
                0x00004a8c                SchM_Exit_Port_PORT_EXCLUSIVE_AREA_04
                0x00004aac                SchM_Enter_Port_PORT_EXCLUSIVE_AREA_05
                0x00004ad4                SchM_Exit_Port_PORT_EXCLUSIVE_AREA_05
                0x00004af4                SchM_Enter_Port_PORT_EXCLUSIVE_AREA_06
                0x00004b1c                SchM_Exit_Port_PORT_EXCLUSIVE_AREA_06
                0x00004b3c                SchM_Enter_Port_PORT_EXCLUSIVE_AREA_07
                0x00004b64                SchM_Exit_Port_PORT_EXCLUSIVE_AREA_07
                0x00004b84                SchM_Enter_Port_PORT_EXCLUSIVE_AREA_08
                0x00004bac                SchM_Exit_Port_PORT_EXCLUSIVE_AREA_08
 .mcal_text     0x00004bcc      0x438 ./RTD/src/SchM_Wdg.o
                0x00004bcc                SchM_Enter_Wdg_WDG_EXCLUSIVE_AREA_00
                0x00004bf4                SchM_Exit_Wdg_WDG_EXCLUSIVE_AREA_00
                0x00004c14                SchM_Enter_Wdg_WDG_EXCLUSIVE_AREA_01
                0x00004c3c                SchM_Exit_Wdg_WDG_EXCLUSIVE_AREA_01
                0x00004c5c                SchM_Enter_Wdg_WDG_EXCLUSIVE_AREA_02
                0x00004c84                SchM_Exit_Wdg_WDG_EXCLUSIVE_AREA_02
                0x00004ca4                SchM_Enter_Wdg_WDG_EXCLUSIVE_AREA_03
                0x00004ccc                SchM_Exit_Wdg_WDG_EXCLUSIVE_AREA_03
                0x00004cec                SchM_Enter_Wdg_WDG_EXCLUSIVE_AREA_04
                0x00004d14                SchM_Exit_Wdg_WDG_EXCLUSIVE_AREA_04
                0x00004d34                SchM_Enter_Wdg_WDG_EXCLUSIVE_AREA_05
                0x00004d5c                SchM_Exit_Wdg_WDG_EXCLUSIVE_AREA_05
                0x00004d7c                SchM_Enter_Wdg_WDG_EXCLUSIVE_AREA_06
                0x00004da4                SchM_Exit_Wdg_WDG_EXCLUSIVE_AREA_06
                0x00004dc4                SchM_Enter_Wdg_WDG_EXCLUSIVE_AREA_07
                0x00004dec                SchM_Exit_Wdg_WDG_EXCLUSIVE_AREA_07
                0x00004e0c                SchM_Enter_Wdg_WDG_EXCLUSIVE_AREA_08
                0x00004e34                SchM_Exit_Wdg_WDG_EXCLUSIVE_AREA_08
                0x00004e54                SchM_Enter_Wdg_WDG_EXCLUSIVE_AREA_09
                0x00004e7c                SchM_Exit_Wdg_WDG_EXCLUSIVE_AREA_09
                0x00004e9c                SchM_Enter_Wdg_WDG_EXCLUSIVE_AREA_10
                0x00004ec4                SchM_Exit_Wdg_WDG_EXCLUSIVE_AREA_10
                0x00004ee4                SchM_Enter_Wdg_WDG_EXCLUSIVE_AREA_11
                0x00004f0c                SchM_Exit_Wdg_WDG_EXCLUSIVE_AREA_11
                0x00004f2c                SchM_Enter_Wdg_WDG_EXCLUSIVE_AREA_12
                0x00004f54                SchM_Exit_Wdg_WDG_EXCLUSIVE_AREA_12
                0x00004f74                SchM_Enter_Wdg_WDG_EXCLUSIVE_AREA_13
                0x00004f9c                SchM_Exit_Wdg_WDG_EXCLUSIVE_AREA_13
                0x00004fbc                SchM_Enter_Wdg_WDG_EXCLUSIVE_AREA_14
                0x00004fe4                SchM_Exit_Wdg_WDG_EXCLUSIVE_AREA_14
 .mcal_text     0x00005004       0x20 ./RTD/src/System_Ip.o
                0x00005004                System_Ip_ConfigIrq
 .mcal_text     0x00005024       0x20 ./RTD/src/Wdg_43_Instance0.o
                0x00005024                Wdg_43_Instance0_Init
                0x0000502c                Wdg_43_Instance0_SetMode
                0x00005034                Wdg_43_Instance0_SetTriggerCondition
                0x0000503c                Wdg_43_Instance0_GetVersionInfo
 .mcal_text     0x00005044       0x20 ./RTD/src/Wdg_43_Instance1.o
                0x00005044                Wdg_43_Instance1_Init
                0x0000504c                Wdg_43_Instance1_SetMode
                0x00005054                Wdg_43_Instance1_SetTriggerCondition
                0x0000505c                Wdg_43_Instance1_GetVersionInfo
 .mcal_text     0x00005064      0x254 ./RTD/src/Wdg_Channel.o
                0x000050b0                Wdg_Cbk_GptNotification0
                0x000050b4                Wdg_Cbk_GptNotification1
                0x000050b8                Wdg_ChannelInit
                0x00005180                Wdg_ChannelSetMode
                0x00005244                Wdg_ChannelSetTriggerCondition
                0x000052a4                Wdg_ChannelGetVersionInfo
 .mcal_text     0x000052b8      0x10c ./RTD/src/Wdg_Ipw.o
                0x000052b8                Wdg_Ipw_Init
                0x00005300                Wdg_Ipw_SetMode
                0x00005334                Wdg_Ipw_StartTimer
                0x0000536c                Wdg_Ipw_StopTimer
                0x000053a4                Wdg_Ipw_Service
 .mcal_text     0x000053c4        0xe ./RTD/src/Wdg_Ipw_Irq.o
                0x000053c4                Wdg_Ipw_Isr
 *fill*         0x000053d2        0x2 
 .mcal_text     0x000053d4      0x3a4 ./RTD/src/Wdog_Ip.o
                0x000054f0                Wdog_Ip_Init
                0x0000556c                Wdog_Ip_DeInit
                0x000055d0                Wdog_Ip_Service
                0x000055f8                Wdog_Ip_SetTimeout
                0x0000563c                Wdog_Ip_Config
                0x000056cc                Wdog_Ip_StartTimer
                0x00005704                Wdog_Ip_StopTimer
                0x0000573c                Wdog_Ip_IrqHandler
                0x00005778                . = ALIGN (0x4)
                0x00005778                acfls_code_rom_start = .
                0x00005778                . = ALIGN (0x4)
 *(.acfls_code_rom)
                0x00005778                acfls_code_rom_end = .
 *(.init)
                0x00005778                . = ALIGN (0x4)
 *(.fini)
                0x00005778                . = ALIGN (0x4)
 *(.rodata)
 .rodata        0x00005778       0x1c ./RTD/src/Clock_Ip_Specific.o
 .rodata        0x00005794       0x10 ./RTD/src/Ftm_Gpt_Ip.o
                0x00005794                ftmGptBase
 .rodata        0x000057a4        0x4 ./RTD/src/LPit_Gpt_Ip.o
                0x000057a4                LPitGptBase
 .rodata        0x000057a8       0x3c ./RTD/src/Power_Ip.o
 .rodata        0x000057e4       0x10 ./RTD/src/WdgIf.o
                0x000057e4                WdgIf_SetTriggerConditionFctPtr
                0x000057ec                WdgIf_SetModeFctPtr
 *(.rodata*)
                0x000057f4                . = ALIGN (0x4)
 *(.mcal_const_cfg)
 .mcal_const_cfg
                0x000057f4      0x3dc ./board/Clock_Ip_PBcfg.o
                0x000057f4                Mcu_aClockConfigPB
 .mcal_const_cfg
                0x00005bd0      0x2d0 ./generate/IntCtrl_Ip/IntCtrl_Ip_Cfg.o
                0x00005bd0                intCtrlConfig
 .mcal_const_cfg
                0x00005ea0        0xc ./generate/src/Ewm_Ip_VS_0_PBcfg.o
                0x00005ea0                Ewm_Ip_Settings_VS_0
 .mcal_const_cfg
                0x00005eac       0x3c ./generate/src/Gpt_VS_0_PBcfg.o
                0x00005eac                Gpt_Config_VS_0
 .mcal_const_cfg
                0x00005ee8        0xe ./generate/src/LPit_Gpt_Ip_VS_0_PBcfg.o
                0x00005ee8                LPIT_0_ChannelConfig_PB_VS_0
                0x00005ef4                LPIT_0_InitConfig_PB_VS_0
 *fill*         0x00005ef6        0x2 
 .mcal_const_cfg
                0x00005ef8       0x1c ./generate/src/Mcu_VS_0_PBcfg.o
                0x00005ef8                Mcu_PreCompileConfig
 .mcal_const_cfg
                0x00005f14        0xc ./generate/src/Platform_Cfg.o
                0x00005f14                Platform_Config
 .mcal_const_cfg
                0x00005f20        0xc ./generate/src/Platform_Ipw_Cfg.o
                0x00005f20                ipwNonCoreConfig
                0x00005f24                ipwConfig
 .mcal_const_cfg
                0x00005f2c       0x28 ./generate/src/Power_Ip_VS_0_PBcfg.o
                0x00005f2c                Power_Ip_HwIPsConfigPB
                0x00005f38                Power_Ip_aModeConfigPB
 .mcal_const_cfg
                0x00005f54       0x24 ./generate/src/Wdg_43_Instance0_Ipw_VS_0_PBcfg.o
                0x00005f54                Wdg_Ipw_FastModeSettings_0_VS_0
                0x00005f60                Wdg_Ipw_SlowModeSettings_0_VS_0
                0x00005f6c                Wdg_Ipw_OffModeSettings_0_VS_0
 .mcal_const_cfg
                0x00005f78       0x34 ./generate/src/Wdg_43_Instance0_VS_0_PBcfg.o
                0x00005f78                Wdg_Config_0_VS_0
 .mcal_const_cfg
                0x00005fac        0xc ./generate/src/Wdg_43_Instance1_Ipw_VS_0_PBcfg.o
                0x00005fac                Wdg_Ipw_Settings_1_VS_0
 .mcal_const_cfg
                0x00005fb8       0x24 ./generate/src/Wdg_43_Instance1_VS_0_PBcfg.o
                0x00005fb8                Wdg_Config_1_VS_0
 .mcal_const_cfg
                0x00005fdc        0x8 ./generate/src/Wdg_CfgExt.o
                0x00005fdc                Wdg_au16CfgMaxTimeout
                0x00005fe0                Wdg_au16CfgInitialTimeout
 .mcal_const_cfg
                0x00005fe4       0x3c ./generate/src/Wdog_Ip_VS_0_PBcfg.o
                0x00005fe4                Wdog_Ip_FastModeSettings_VS_0
                0x00005ff8                Wdog_Ip_SlowModeSettings_VS_0
                0x0000600c                Wdog_Ip_OffModeSettings_VS_0
                0x00006020                . = ALIGN (0x4)
 *(.mcal_const)
 .mcal_const    0x00006020      0x571 ./RTD/src/Clock_Ip_Data.o
                0x00006020                HwPllName
                0x00006024                sourceType_clockName
                0x000060e4                scgPeriphAsyncDivs
                0x000060f4                dividerValue_hardwareValue
                0x00006135                selectorEntryPCS_hardwareValue
                0x00006165                selectorEntrySCS_hardwareValue
                0x00006195                selectorEntry_hardwareValue
                0x000061ec                clockFeatures
                0x000064fb                cmuCallbackIndex
                0x0000650a                pcfsCallbackIndex
                0x00006519                selectorCallbackIndex
                0x00006528                pllCallbackIndex
                0x00006537                fractional_dividerCallbackIndex
                0x00006546                gateCallbackIndex
                0x00006555                ircoscCallbackIndex
                0x00006564                xoscCallbackIndex
                0x00006573                dividertriggerCallbackIndex
                0x00006582                dividerCallbackIndex
 *fill*         0x00006591        0x3 
 .mcal_const    0x00006594       0x3c ./RTD/src/Clock_Ip_Divider.o
                0x00006594                dividerCallbacks
 .mcal_const    0x000065d0        0x8 ./RTD/src/Clock_Ip_DividerTrigger.o
                0x000065d0                dividerTriggerCallbacks
 .mcal_const    0x000065d8       0x28 ./RTD/src/Clock_Ip_ExtOsc.o
                0x000065d8                extOscCallbacks
 .mcal_const    0x00006600        0xc ./RTD/src/Clock_Ip_FracDiv.o
                0x00006600                fracDivCallbacks
 .mcal_const    0x0000660c       0x38 ./RTD/src/Clock_Ip_Gate.o
                0x0000660c                gateCallbacks
 .mcal_const    0x00006644       0x3c ./RTD/src/Clock_Ip_IntOsc.o
                0x00006644                intOscCallbacks
 .mcal_const    0x00006680       0x18 ./RTD/src/Clock_Ip_Monitor.o
                0x00006680                cmuCallbacks
 .mcal_const    0x00006698       0x28 ./RTD/src/Clock_Ip_Pll.o
                0x00006698                pllCallbacks
 .mcal_const    0x000066c0        0x4 ./RTD/src/Clock_Ip_ProgFreqSwitch.o
                0x000066c0                pcfsCallbacks
 .mcal_const    0x000066c4       0x58 ./RTD/src/Clock_Ip_Selector.o
                0x000066c4                selectorCallbacks
 .mcal_const    0x0000671c        0x2 ./generate/src/Gpt_VS_0_PBcfg.o
                0x00006720                . = ALIGN (0x4)
 *fill*         0x0000671e        0x2 
 *(.mcal_const_no_cacheable)
                0x00006720                . = ALIGN (0x4)
                0x00006720                __init_table = .
 *(.init_table)
 .init_table    0x00006720       0x1c ./Project_Settings/Startup_Code/startup_cm4.o
                0x0000673c                . = ALIGN (0x4)
                0x0000673c                __zero_table = .
 *(.zero_table)
 .zero_table    0x0000673c        0xc ./Project_Settings/Startup_Code/startup_cm4.o
                0x00006748                . = ALIGN (0x4)
 *(.acmcu_code_rom)
                0x00006748                . = ALIGN (0x4)
                0x00006748                _etext = .
                0x00006748                __DATA_ROM = .

.glue_7         0x00006748        0x0
 .glue_7        0x00006748        0x0 linker stubs

.glue_7t        0x00006748        0x0
 .glue_7t       0x00006748        0x0 linker stubs

.vfp11_veneer   0x00006748        0x0
 .vfp11_veneer  0x00006748        0x0 linker stubs

.v4_bx          0x00006748        0x0
 .v4_bx         0x00006748        0x0 linker stubs

.iplt           0x00006748        0x0
 .iplt          0x00006748        0x0 ./Project_Settings/Startup_Code/Vector_Table.o

.igot.plt       0x00006748        0x0
 .igot.plt      0x00006748        0x0 ./Project_Settings/Startup_Code/Vector_Table.o

.rel.dyn        0x00006748        0x0
 .rel.iplt      0x00006748        0x0 ./Project_Settings/Startup_Code/Vector_Table.o
                0x00006748                . = ALIGN (0x4)
                [!provide]                PROVIDE (__exidx_start = .)

.ARM.exidx
 *(.ARM.exidx* .gnu.linkonce.armexidx.*)
                0x00006748                . = ALIGN (0x4)
                [!provide]                PROVIDE (__exidx_end = .)

.ARM.extab      0x1fff8100        0x0
 *(.ARM.extab*)
                0x1fff8100                . = ALIGN (0x4)

.sram_interrupts
                0x1fff8100     0x1210
                0x1fff9000                . = ALIGN (0x1000)
 *fill*         0x1fff8100      0xf00 
                0x1fff9000                __interrupts_ram_start = .
                0x1fff9310                . = (. + (__interrupts_rom_end - __interrupts_rom_start))
 *fill*         0x1fff9000      0x310 
                0x1fff9310                . = ALIGN (0x4)
                0x1fff9310                __interrupts_ram_end = .

.sram_data      0x1fff9310       0xa4 load address 0x00006748
                0x1fff9310                . = ALIGN (0x4)
                0x1fff9310                __data_ram_start = .
 *(.ramcode)
                0x1fff9310                . = ALIGN (0x4)
 *(.data)
 .data          0x1fff9310        0x0 ./Project_Settings/Startup_Code/Vector_Table.o
 .data          0x1fff9310        0x0 ./Project_Settings/Startup_Code/exceptions.o
 .data          0x1fff9310        0x0 ./Project_Settings/Startup_Code/nvic.o
 .data          0x1fff9310        0x0 ./Project_Settings/Startup_Code/startup.o
 .data          0x1fff9310        0x0 ./Project_Settings/Startup_Code/startup_cm4.o
 .data          0x1fff9310        0x0 ./Project_Settings/Startup_Code/system.o
 .data          0x1fff9310        0x0 ./RTD/src/Clock_Ip.o
 .data          0x1fff9310        0x0 ./RTD/src/Clock_Ip_Data.o
 .data          0x1fff9310        0x0 ./RTD/src/Clock_Ip_Divider.o
 .data          0x1fff9310        0x0 ./RTD/src/Clock_Ip_DividerTrigger.o
 .data          0x1fff9310        0x0 ./RTD/src/Clock_Ip_ExtOsc.o
 .data          0x1fff9310        0x0 ./RTD/src/Clock_Ip_FracDiv.o
 .data          0x1fff9310        0x0 ./RTD/src/Clock_Ip_Frequency.o
 .data          0x1fff9310        0x0 ./RTD/src/Clock_Ip_Gate.o
 .data          0x1fff9310        0x0 ./RTD/src/Clock_Ip_IntOsc.o
 .data          0x1fff9310        0x0 ./RTD/src/Clock_Ip_Irq.o
 .data          0x1fff9310        0x0 ./RTD/src/Clock_Ip_Monitor.o
 .data          0x1fff9310        0x0 ./RTD/src/Clock_Ip_Pll.o
 .data          0x1fff9310        0x0 ./RTD/src/Clock_Ip_ProgFreqSwitch.o
 .data          0x1fff9310        0x0 ./RTD/src/Clock_Ip_Selector.o
 .data          0x1fff9310        0x0 ./RTD/src/Clock_Ip_Specific.o
 .data          0x1fff9310        0x0 ./RTD/src/Det.o
 .data          0x1fff9310        0x0 ./RTD/src/Det_stub.o
 .data          0x1fff9310        0x0 ./RTD/src/Ewm_Ip.o
 .data          0x1fff9310        0x0 ./RTD/src/Ftm_Gpt_Ip.o
 .data          0x1fff9310        0x0 ./RTD/src/Gpt.o
 .data          0x1fff9310        0x0 ./RTD/src/Gpt_Ipw.o
 .data          0x1fff9310        0x0 ./RTD/src/IntCtrl_Ip.o
 .data          0x1fff9310        0x0 ./RTD/src/LPit_Gpt_Ip.o
 .data          0x1fff9310        0x0 ./RTD/src/Lptmr_Gpt_Ip.o
 .data          0x1fff9310        0x0 ./RTD/src/Mcu.o
 .data          0x1fff9310        0x0 ./RTD/src/Mcu_Dem_Wrapper.o
 .data          0x1fff9310        0x0 ./RTD/src/Mcu_IPW.o
 .data          0x1fff9310        0x0 ./RTD/src/Mcu_IPW_Irq.o
 .data          0x1fff9310        0x0 ./RTD/src/OsIf_Timer.o
 .data          0x1fff9310        0x0 ./RTD/src/OsIf_Timer_System.o
 .data          0x1fff9310        0x0 ./RTD/src/Platform.o
 .data          0x1fff9310        0x0 ./RTD/src/Platform_Ipw.o
 .data          0x1fff9310       0x28 ./RTD/src/Port_Ci_Port_Ip.o
                0x1fff9310                Port_au32PortCiGpioBaseAddr
                0x1fff9324                Port_au32PortCiPortBaseAddr
 .data          0x1fff9338        0x0 ./RTD/src/Power_Ip.o
 .data          0x1fff9338        0x0 ./RTD/src/Power_Ip_CMU.o
 .data          0x1fff9338        0x0 ./RTD/src/Power_Ip_CortexM4.o
 .data          0x1fff9338        0x0 ./RTD/src/Power_Ip_PCC.o
 .data          0x1fff9338        0x0 ./RTD/src/Power_Ip_PMC.o
 .data          0x1fff9338        0x0 ./RTD/src/Power_Ip_PMC_Irq.o
 .data          0x1fff9338        0x0 ./RTD/src/Power_Ip_Private.o
 .data          0x1fff9338        0x0 ./RTD/src/Power_Ip_RCM.o
 .data          0x1fff9338        0x0 ./RTD/src/Power_Ip_RCM_Irq.o
 .data          0x1fff9338        0x0 ./RTD/src/Power_Ip_SCG.o
 .data          0x1fff9338        0x0 ./RTD/src/Power_Ip_SIM.o
 .data          0x1fff9338        0x0 ./RTD/src/Power_Ip_SMC.o
 .data          0x1fff9338        0x0 ./RTD/src/Ram_Ip.o
 .data          0x1fff9338        0x0 ./RTD/src/SRtc_Ip.o
 .data          0x1fff9338        0x0 ./RTD/src/SchM_Gpt.o
 .data          0x1fff9338        0x0 ./RTD/src/SchM_Mcu.o
 .data          0x1fff9338        0x0 ./RTD/src/SchM_Port.o
 .data          0x1fff9338        0x0 ./RTD/src/SchM_Wdg.o
 .data          0x1fff9338        0x0 ./RTD/src/System_Ip.o
 .data          0x1fff9338        0x0 ./RTD/src/WdgIf.o
 .data          0x1fff9338        0x0 ./RTD/src/Wdg_43_Instance0.o
 .data          0x1fff9338        0x0 ./RTD/src/Wdg_43_Instance1.o
 .data          0x1fff9338        0x0 ./RTD/src/Wdg_Channel.o
 .data          0x1fff9338        0x0 ./RTD/src/Wdg_Ipw.o
 .data          0x1fff9338        0x0 ./RTD/src/Wdg_Ipw_Irq.o
 .data          0x1fff9338        0x0 ./RTD/src/Wdog_Ip.o
 .data          0x1fff9338        0x0 ./board/Clock_Ip_Cfg.o
 .data          0x1fff9338        0x0 ./board/Clock_Ip_PBcfg.o
 .data          0x1fff9338        0x0 ./board/Port_Ci_Port_Ip_Cfg.o
 .data          0x1fff9338        0x0 ./generate/IntCtrl_Ip/IntCtrl_Ip_Cfg.o
 .data          0x1fff9338        0x0 ./generate/src/Ewm_Ip_VS_0_PBcfg.o
 .data          0x1fff9338       0x1c ./generate/src/Ftm_Gpt_Ip_VS_0_PBcfg.o
                0x1fff9338                FTM_0_ChannelConfig_PB_VS_0
                0x1fff9344                FTM_0_InitConfig_PB_VS_0
 .data          0x1fff9354        0x0 ./generate/src/Gpt_Cfg.o
 .data          0x1fff9354       0x50 ./generate/src/Gpt_Ipw_VS_0_PBcfg.o
                0x1fff9354                Gpt_Ipw_ChannelConfig_PB_VS_0
                0x1fff9384                Gpt_Ipw_HwInstanceConfig_PB_VS_0
 .data          0x1fff93a4        0x0 ./generate/src/Gpt_VS_0_PBcfg.o
 .data          0x1fff93a4        0x0 ./generate/src/LPit_Gpt_Ip_VS_0_PBcfg.o
 .data          0x1fff93a4        0x0 ./generate/src/Lptmr_Gpt_Ip_VS_0_PBcfg.o
 .data          0x1fff93a4        0x0 ./generate/src/Mcu_Cfg.o
 .data          0x1fff93a4        0x0 ./generate/src/Mcu_VS_0_PBcfg.o
 .data          0x1fff93a4        0x0 ./generate/src/OsIf_Cfg.o
 .data          0x1fff93a4        0x0 ./generate/src/Platform_Cfg.o
 .data          0x1fff93a4        0x0 ./generate/src/Platform_Ipw_Cfg.o
 .data          0x1fff93a4        0x0 ./generate/src/Power_Ip_Cfg.o
 .data          0x1fff93a4        0x0 ./generate/src/Power_Ip_VS_0_PBcfg.o
 .data          0x1fff93a4        0x0 ./generate/src/Ram_Ip_Cfg.o
 .data          0x1fff93a4        0x0 ./generate/src/Ram_Ip_VS_0_PBcfg.o
 .data          0x1fff93a4        0x0 ./generate/src/SRtc_Ip_VS_0_PBcfg.o
 .data          0x1fff93a4        0x0 ./generate/src/Wdg_43_Instance0_Cfg.o
 .data          0x1fff93a4        0x0 ./generate/src/Wdg_43_Instance0_Ipw_VS_0_PBcfg.o
 .data          0x1fff93a4        0x0 ./generate/src/Wdg_43_Instance0_VS_0_PBcfg.o
 .data          0x1fff93a4        0x0 ./generate/src/Wdg_43_Instance1_Cfg.o
 .data          0x1fff93a4        0x0 ./generate/src/Wdg_43_Instance1_Ipw_VS_0_PBcfg.o
 .data          0x1fff93a4        0x0 ./generate/src/Wdg_43_Instance1_VS_0_PBcfg.o
 .data          0x1fff93a4        0x0 ./generate/src/Wdg_CfgExt.o
 .data          0x1fff93a4        0x0 ./generate/src/Wdog_Ip_VS_0_PBcfg.o
 .data          0x1fff93a4        0x0 ./src/main.o
 *(.data*)
                0x1fff93a4                . = ALIGN (0x4)
 *(.mcal_data)
 .mcal_data     0x1fff93a4        0x4 ./RTD/src/Clock_Ip.o
 .mcal_data     0x1fff93a8        0x4 ./RTD/src/Power_Ip.o
                0x1fff93a8                powerReportErrorsCallback
 .mcal_data     0x1fff93ac        0x8 ./RTD/src/Wdg_Ipw.o
                0x1fff93b4                . = ALIGN (0x4)
 *(.mcal_data_no_cacheable)
                0x1fff93b4                . = ALIGN (0x4)
                0x1fff93b4                __data_ram_end = .
                0x000067ec                __DATA_ROM_END = (__DATA_ROM + (__data_ram_end - __data_ram_start))

.bss            0x1fff93b4      0x70c load address 0x000067ec
                0x1fff93c0                . = ALIGN (0x10)
 *fill*         0x1fff93b4        0xc 
                0x1fff93c0                __sram_bss_start = .
 *(.bss)
 .bss           0x1fff93c0        0x0 ./Project_Settings/Startup_Code/Vector_Table.o
 .bss           0x1fff93c0        0x0 ./Project_Settings/Startup_Code/exceptions.o
 .bss           0x1fff93c0        0x0 ./Project_Settings/Startup_Code/nvic.o
 .bss           0x1fff93c0        0x0 ./Project_Settings/Startup_Code/startup.o
 .bss           0x1fff93c0        0x0 ./Project_Settings/Startup_Code/startup_cm4.o
 .bss           0x1fff93c0        0x4 ./Project_Settings/Startup_Code/system.o
                0x1fff93c0                RESET_CATCH_CORE
 .bss           0x1fff93c4        0x1 ./RTD/src/Clock_Ip.o
 .bss           0x1fff93c5        0x0 ./RTD/src/Clock_Ip_Data.o
 .bss           0x1fff93c5        0x0 ./RTD/src/Clock_Ip_Divider.o
 .bss           0x1fff93c5        0x0 ./RTD/src/Clock_Ip_DividerTrigger.o
 .bss           0x1fff93c5        0x0 ./RTD/src/Clock_Ip_ExtOsc.o
 .bss           0x1fff93c5        0x0 ./RTD/src/Clock_Ip_FracDiv.o
 .bss           0x1fff93c5        0x0 ./RTD/src/Clock_Ip_Frequency.o
 .bss           0x1fff93c5        0x0 ./RTD/src/Clock_Ip_Gate.o
 .bss           0x1fff93c5        0x0 ./RTD/src/Clock_Ip_IntOsc.o
 .bss           0x1fff93c5        0x0 ./RTD/src/Clock_Ip_Irq.o
 .bss           0x1fff93c5        0x0 ./RTD/src/Clock_Ip_Monitor.o
 .bss           0x1fff93c5        0x0 ./RTD/src/Clock_Ip_Pll.o
 .bss           0x1fff93c5        0x0 ./RTD/src/Clock_Ip_ProgFreqSwitch.o
 .bss           0x1fff93c5        0x0 ./RTD/src/Clock_Ip_Selector.o
 *fill*         0x1fff93c5        0x3 
 .bss           0x1fff93c8       0xc0 ./RTD/src/Clock_Ip_Specific.o
 .bss           0x1fff9488        0x0 ./RTD/src/Det.o
 .bss           0x1fff9488        0x0 ./RTD/src/Det_stub.o
 .bss           0x1fff9488        0x0 ./RTD/src/Ewm_Ip.o
 .bss           0x1fff9488        0x0 ./RTD/src/Ftm_Gpt_Ip.o
 .bss           0x1fff9488       0x18 ./RTD/src/Gpt.o
 .bss           0x1fff94a0        0x0 ./RTD/src/Gpt_Ipw.o
 .bss           0x1fff94a0        0x0 ./RTD/src/IntCtrl_Ip.o
 .bss           0x1fff94a0       0x30 ./RTD/src/LPit_Gpt_Ip.o
 .bss           0x1fff94d0        0x0 ./RTD/src/Lptmr_Gpt_Ip.o
 .bss           0x1fff94d0        0x0 ./RTD/src/Mcu.o
 .bss           0x1fff94d0        0x0 ./RTD/src/Mcu_Dem_Wrapper.o
 .bss           0x1fff94d0        0x0 ./RTD/src/Mcu_IPW.o
 .bss           0x1fff94d0        0x0 ./RTD/src/Mcu_IPW_Irq.o
 .bss           0x1fff94d0        0x0 ./RTD/src/OsIf_Timer.o
 .bss           0x1fff94d0        0x0 ./RTD/src/OsIf_Timer_System.o
 .bss           0x1fff94d0        0x0 ./RTD/src/Platform.o
 .bss           0x1fff94d0        0x0 ./RTD/src/Platform_Ipw.o
 .bss           0x1fff94d0        0x0 ./RTD/src/Port_Ci_Port_Ip.o
 .bss           0x1fff94d0        0x0 ./RTD/src/Power_Ip.o
 .bss           0x1fff94d0        0x0 ./RTD/src/Power_Ip_CMU.o
 .bss           0x1fff94d0        0x0 ./RTD/src/Power_Ip_CortexM4.o
 .bss           0x1fff94d0        0x0 ./RTD/src/Power_Ip_PCC.o
 .bss           0x1fff94d0        0x0 ./RTD/src/Power_Ip_PMC.o
 .bss           0x1fff94d0        0x0 ./RTD/src/Power_Ip_PMC_Irq.o
 .bss           0x1fff94d0        0x0 ./RTD/src/Power_Ip_Private.o
 .bss           0x1fff94d0        0x0 ./RTD/src/Power_Ip_RCM.o
 .bss           0x1fff94d0        0x0 ./RTD/src/Power_Ip_RCM_Irq.o
 .bss           0x1fff94d0        0x0 ./RTD/src/Power_Ip_SCG.o
 .bss           0x1fff94d0        0x0 ./RTD/src/Power_Ip_SIM.o
 .bss           0x1fff94d0        0x0 ./RTD/src/Power_Ip_SMC.o
 .bss           0x1fff94d0        0x0 ./RTD/src/Ram_Ip.o
 .bss           0x1fff94d0        0x0 ./RTD/src/SRtc_Ip.o
 .bss           0x1fff94d0        0x0 ./RTD/src/SchM_Gpt.o
 .bss           0x1fff94d0        0x0 ./RTD/src/SchM_Mcu.o
 .bss           0x1fff94d0        0x0 ./RTD/src/SchM_Port.o
 .bss           0x1fff94d0        0x0 ./RTD/src/SchM_Wdg.o
 .bss           0x1fff94d0        0x0 ./RTD/src/System_Ip.o
 .bss           0x1fff94d0        0x0 ./RTD/src/WdgIf.o
 .bss           0x1fff94d0        0x0 ./RTD/src/Wdg_43_Instance0.o
 .bss           0x1fff94d0        0x0 ./RTD/src/Wdg_43_Instance1.o
 .bss           0x1fff94d0        0x0 ./RTD/src/Wdg_Channel.o
 .bss           0x1fff94d0        0x0 ./RTD/src/Wdg_Ipw.o
 .bss           0x1fff94d0        0x0 ./RTD/src/Wdg_Ipw_Irq.o
 .bss           0x1fff94d0        0x0 ./RTD/src/Wdog_Ip.o
 .bss           0x1fff94d0        0x0 ./board/Clock_Ip_Cfg.o
 .bss           0x1fff94d0        0x0 ./board/Clock_Ip_PBcfg.o
 .bss           0x1fff94d0        0x0 ./board/Port_Ci_Port_Ip_Cfg.o
 .bss           0x1fff94d0        0x0 ./generate/IntCtrl_Ip/IntCtrl_Ip_Cfg.o
 .bss           0x1fff94d0        0x0 ./generate/src/Ewm_Ip_VS_0_PBcfg.o
 .bss           0x1fff94d0        0x0 ./generate/src/Ftm_Gpt_Ip_VS_0_PBcfg.o
 .bss           0x1fff94d0        0x0 ./generate/src/Gpt_Cfg.o
 .bss           0x1fff94d0        0x0 ./generate/src/Gpt_Ipw_VS_0_PBcfg.o
 .bss           0x1fff94d0        0x0 ./generate/src/Gpt_VS_0_PBcfg.o
 .bss           0x1fff94d0        0x0 ./generate/src/LPit_Gpt_Ip_VS_0_PBcfg.o
 .bss           0x1fff94d0        0x0 ./generate/src/Lptmr_Gpt_Ip_VS_0_PBcfg.o
 .bss           0x1fff94d0        0x0 ./generate/src/Mcu_Cfg.o
 .bss           0x1fff94d0        0x0 ./generate/src/Mcu_VS_0_PBcfg.o
 .bss           0x1fff94d0        0x0 ./generate/src/OsIf_Cfg.o
 .bss           0x1fff94d0        0x0 ./generate/src/Platform_Cfg.o
 .bss           0x1fff94d0        0x0 ./generate/src/Platform_Ipw_Cfg.o
 .bss           0x1fff94d0        0x0 ./generate/src/Power_Ip_Cfg.o
 .bss           0x1fff94d0        0x0 ./generate/src/Power_Ip_VS_0_PBcfg.o
 .bss           0x1fff94d0        0x0 ./generate/src/Ram_Ip_Cfg.o
 .bss           0x1fff94d0        0x0 ./generate/src/Ram_Ip_VS_0_PBcfg.o
 .bss           0x1fff94d0        0x0 ./generate/src/SRtc_Ip_VS_0_PBcfg.o
 .bss           0x1fff94d0        0x0 ./generate/src/Wdg_43_Instance0_Cfg.o
 .bss           0x1fff94d0        0x0 ./generate/src/Wdg_43_Instance0_Ipw_VS_0_PBcfg.o
 .bss           0x1fff94d0        0x0 ./generate/src/Wdg_43_Instance0_VS_0_PBcfg.o
 .bss           0x1fff94d0        0x0 ./generate/src/Wdg_43_Instance1_Cfg.o
 .bss           0x1fff94d0        0x0 ./generate/src/Wdg_43_Instance1_Ipw_VS_0_PBcfg.o
 .bss           0x1fff94d0        0x0 ./generate/src/Wdg_43_Instance1_VS_0_PBcfg.o
 .bss           0x1fff94d0        0x0 ./generate/src/Wdg_CfgExt.o
 .bss           0x1fff94d0        0x0 ./generate/src/Wdog_Ip_VS_0_PBcfg.o
 .bss           0x1fff94d0        0x1 ./src/main.o
                0x1fff94d0                notificationCount
 *(.bss*)
 *(COMMON)
                0x1fff94e0                . = ALIGN (0x10)
 *fill*         0x1fff94d1        0xf 
 *(.mcal_bss)
 .mcal_bss      0x1fff94e0        0x9 ./RTD/src/Clock_Ip.o
 *fill*         0x1fff94e9        0x3 
 .mcal_bss      0x1fff94ec       0x70 ./RTD/src/Clock_Ip_Specific.o
 .mcal_bss      0x1fff955c        0x4 ./RTD/src/Ewm_Ip.o
 .mcal_bss      0x1fff9560      0x200 ./RTD/src/Ftm_Gpt_Ip.o
                0x1fff96e0                Ftm_Gpt_Ip_u32TargetValue
 .mcal_bss      0x1fff9760       0x20 ./RTD/src/Gpt.o
                0x1fff976c                Gpt_pConfig
 .mcal_bss      0x1fff9780        0x9 ./RTD/src/Mcu.o
 *fill*         0x1fff9789        0x3 
 .mcal_bss      0x1fff978c        0x4 ./RTD/src/Power_Ip_RCM.o
 .mcal_bss      0x1fff9790       0x20 ./RTD/src/Wdg_Channel.o
 .mcal_bss      0x1fff97b0        0x4 ./RTD/src/Wdog_Ip.o
                0x1fff97c0                . = ALIGN (0x10)
 *fill*         0x1fff97b4        0xc 
                0x1fff97c0                __non_cacheable_bss_start = .
 *(.mcal_bss_no_cacheable)
 .mcal_bss_no_cacheable
                0x1fff97c0       0x96 ./RTD/src/Det.o
                0x1fff97c0                Det_TransientModuleId
                0x1fff97d4                Det_ApiId
                0x1fff97de                Det_TransientInstanceId
                0x1fff97e8                Det_ErrorId
                0x1fff97f2                Det_TransientApiId
                0x1fff97fc                Det_RuntimeModuleId
                0x1fff9810                Det_TransientFaultId
                0x1fff981a                Det_RuntimeInstanceId
                0x1fff9824                Det_RuntimeApiId
                0x1fff982e                Det_ModuleId
                0x1fff9842                Det_RuntimeErrorId
                0x1fff984c                Det_InstanceId
 *fill*         0x1fff9856        0x2 
 .mcal_bss_no_cacheable
                0x1fff9858      0x190 ./RTD/src/SchM_Gpt.o
 .mcal_bss_no_cacheable
                0x1fff99e8       0x18 ./RTD/src/SchM_Mcu.o
 .mcal_bss_no_cacheable
                0x1fff9a00       0x48 ./RTD/src/SchM_Port.o
 .mcal_bss_no_cacheable
                0x1fff9a48       0x78 ./RTD/src/SchM_Wdg.o
                0x1fff9ac0                . = ALIGN (0x4)
                0x1fff9ac0                __non_cacheable_bss_end = .
                0x1fff9ac0                __sram_bss_end = .

.acfls_code_ram
                0x1fff9ac0        0x0
                0x1fff9ac0                . = (. + (acfls_code_rom_end - acfls_code_rom_start))

.heap           0x1fff9ac0      0x200 load address 0x00006ef8
                0x1fff9ac0                . = ALIGN (0x4)
                0x1fff9ac0                _end = .
                0x1fff9ac0                end = .
                0x1fff9ac0                _heap_start = .
                0x1fff9cc0                . = (. + HEAP_SIZE)
 *fill*         0x1fff9ac0      0x200 
                0x1fff9cc0                _heap_end = .

int_results     0x1fff8000      0x100
                0x1fff8000                . = ALIGN (0x4)
 *(.int_results)
                0x1fff8100                . = (. + 0x100)
 *fill*         0x1fff8000      0x100 
                0x20006000                __Stack_end_c0 = ORIGIN (int_sram_stack_c0)
                0x20007000                __Stack_start_c0 = (ORIGIN (int_sram_stack_c0) + LENGTH (int_sram_stack_c0))
                0x1fff8000                __INT_SRAM_START = ORIGIN (int_sram_results)
                0x20007000                __INT_SRAM_END = ORIGIN (ram_rsvd2)
                0x1fff9310                __RAM_INIT_START = __data_ram_start
                0x1fff93b4                __RAM_INIT_END = __data_ram_end
                0x00006748                __ROM_INIT_START = __DATA_ROM
                0x000067ec                __ROM_INIT_END = __DATA_ROM_END
                0x1fff93c0                __BSS_SRAM_START = __sram_bss_start
                0x1fff9ac0                __BSS_SRAM_END = __sram_bss_end
                0x00000700                __BSS_SRAM_SIZE = (__sram_bss_end - __sram_bss_start)
                0x1fff9000                __RAM_INTERRUPT_START = __interrupts_ram_start
                0x00000000                __ROM_INTERRUPT_START = __interrupts_rom_start
                0x00000310                __ROM_INTERRUPT_END = __interrupts_rom_end
                0x00006720                __INIT_TABLE = __init_table
                0x0000673c                __ZERO_TABLE = __zero_table
                0x00000001                __RAM_INIT = 0x1
                0x00005778                Fls_ACEraseRomStart = acfls_code_rom_start
                0x00005778                Fls_ACEraseRomEnd = acfls_code_rom_end
                0x00000000                Fls_ACEraseSize = (acfls_code_rom_end - acfls_code_rom_start)
                0x00005778                Fls_ACWriteRomStart = acfls_code_rom_start
                0x00005778                Fls_ACWriteRomEnd = acfls_code_rom_end
                0x00000000                Fls_ACWriteSize = (acfls_code_rom_end - acfls_code_rom_start)
                0x1fff9ac0                _ERASE_FUNC_ADDRESS_ = ADDR (.acfls_code_ram)
                0x1fff9ac0                _WRITE_FUNC_ADDRESS_ = ADDR (.acfls_code_ram)
                0x1fff9000                __ENTRY_VTABLE = __RAM_INTERRUPT_START
OUTPUT(Wdg_Example_S32K144.elf elf32-littlearm)

.ARM.attributes
                0x00000000       0x30
 .ARM.attributes
                0x00000000       0x1c ./Project_Settings/Startup_Code/Vector_Table.o
 .ARM.attributes
                0x0000001c       0x34 ./Project_Settings/Startup_Code/exceptions.o
 .ARM.attributes
                0x00000050       0x34 ./Project_Settings/Startup_Code/nvic.o
 .ARM.attributes
                0x00000084       0x34 ./Project_Settings/Startup_Code/startup.o
 .ARM.attributes
                0x000000b8       0x1b ./Project_Settings/Startup_Code/startup_cm4.o
 .ARM.attributes
                0x000000d3       0x34 ./Project_Settings/Startup_Code/system.o
 .ARM.attributes
                0x00000107       0x34 ./RTD/src/Clock_Ip.o
 .ARM.attributes
                0x0000013b       0x37 ./RTD/src/Clock_Ip_Data.o
 .ARM.attributes
                0x00000172       0x34 ./RTD/src/Clock_Ip_Divider.o
 .ARM.attributes
                0x000001a6       0x34 ./RTD/src/Clock_Ip_DividerTrigger.o
 .ARM.attributes
                0x000001da       0x34 ./RTD/src/Clock_Ip_ExtOsc.o
 .ARM.attributes
                0x0000020e       0x34 ./RTD/src/Clock_Ip_FracDiv.o
 .ARM.attributes
                0x00000242       0x37 ./RTD/src/Clock_Ip_Frequency.o
 .ARM.attributes
                0x00000279       0x34 ./RTD/src/Clock_Ip_Gate.o
 .ARM.attributes
                0x000002ad       0x34 ./RTD/src/Clock_Ip_IntOsc.o
 .ARM.attributes
                0x000002e1       0x37 ./RTD/src/Clock_Ip_Irq.o
 .ARM.attributes
                0x00000318       0x34 ./RTD/src/Clock_Ip_Monitor.o
 .ARM.attributes
                0x0000034c       0x34 ./RTD/src/Clock_Ip_Pll.o
 .ARM.attributes
                0x00000380       0x34 ./RTD/src/Clock_Ip_ProgFreqSwitch.o
 .ARM.attributes
                0x000003b4       0x34 ./RTD/src/Clock_Ip_Selector.o
 .ARM.attributes
                0x000003e8       0x34 ./RTD/src/Clock_Ip_Specific.o
 .ARM.attributes
                0x0000041c       0x34 ./RTD/src/Det.o
 .ARM.attributes
                0x00000450       0x34 ./RTD/src/Det_stub.o
 .ARM.attributes
                0x00000484       0x34 ./RTD/src/Ewm_Ip.o
 .ARM.attributes
                0x000004b8       0x34 ./RTD/src/Ftm_Gpt_Ip.o
 .ARM.attributes
                0x000004ec       0x34 ./RTD/src/Gpt.o
 .ARM.attributes
                0x00000520       0x34 ./RTD/src/Gpt_Ipw.o
 .ARM.attributes
                0x00000554       0x34 ./RTD/src/IntCtrl_Ip.o
 .ARM.attributes
                0x00000588       0x34 ./RTD/src/LPit_Gpt_Ip.o
 .ARM.attributes
                0x000005bc       0x37 ./RTD/src/Lptmr_Gpt_Ip.o
 .ARM.attributes
                0x000005f3       0x34 ./RTD/src/Mcu.o
 .ARM.attributes
                0x00000627       0x37 ./RTD/src/Mcu_Dem_Wrapper.o
 .ARM.attributes
                0x0000065e       0x34 ./RTD/src/Mcu_IPW.o
 .ARM.attributes
                0x00000692       0x37 ./RTD/src/Mcu_IPW_Irq.o
 .ARM.attributes
                0x000006c9       0x34 ./RTD/src/OsIf_Timer.o
 .ARM.attributes
                0x000006fd       0x37 ./RTD/src/OsIf_Timer_System.o
 .ARM.attributes
                0x00000734       0x34 ./RTD/src/Platform.o
 .ARM.attributes
                0x00000768       0x34 ./RTD/src/Platform_Ipw.o
 .ARM.attributes
                0x0000079c       0x34 ./RTD/src/Port_Ci_Port_Ip.o
 .ARM.attributes
                0x000007d0       0x34 ./RTD/src/Power_Ip.o
 .ARM.attributes
                0x00000804       0x37 ./RTD/src/Power_Ip_CMU.o
 .ARM.attributes
                0x0000083b       0x34 ./RTD/src/Power_Ip_CortexM4.o
 .ARM.attributes
                0x0000086f       0x37 ./RTD/src/Power_Ip_PCC.o
 .ARM.attributes
                0x000008a6       0x34 ./RTD/src/Power_Ip_PMC.o
 .ARM.attributes
                0x000008da       0x37 ./RTD/src/Power_Ip_PMC_Irq.o
 .ARM.attributes
                0x00000911       0x34 ./RTD/src/Power_Ip_Private.o
 .ARM.attributes
                0x00000945       0x34 ./RTD/src/Power_Ip_RCM.o
 .ARM.attributes
                0x00000979       0x37 ./RTD/src/Power_Ip_RCM_Irq.o
 .ARM.attributes
                0x000009b0       0x34 ./RTD/src/Power_Ip_SCG.o
 .ARM.attributes
                0x000009e4       0x37 ./RTD/src/Power_Ip_SIM.o
 .ARM.attributes
                0x00000a1b       0x34 ./RTD/src/Power_Ip_SMC.o
 .ARM.attributes
                0x00000a4f       0x34 ./RTD/src/Ram_Ip.o
 .ARM.attributes
                0x00000a83       0x37 ./RTD/src/SRtc_Ip.o
 .ARM.attributes
                0x00000aba       0x34 ./RTD/src/SchM_Gpt.o
 .ARM.attributes
                0x00000aee       0x34 ./RTD/src/SchM_Mcu.o
 .ARM.attributes
                0x00000b22       0x34 ./RTD/src/SchM_Port.o
 .ARM.attributes
                0x00000b56       0x34 ./RTD/src/SchM_Wdg.o
 .ARM.attributes
                0x00000b8a       0x34 ./RTD/src/System_Ip.o
 .ARM.attributes
                0x00000bbe       0x37 ./RTD/src/WdgIf.o
 .ARM.attributes
                0x00000bf5       0x34 ./RTD/src/Wdg_43_Instance0.o
 .ARM.attributes
                0x00000c29       0x34 ./RTD/src/Wdg_43_Instance1.o
 .ARM.attributes
                0x00000c5d       0x34 ./RTD/src/Wdg_Channel.o
 .ARM.attributes
                0x00000c91       0x34 ./RTD/src/Wdg_Ipw.o
 .ARM.attributes
                0x00000cc5       0x34 ./RTD/src/Wdg_Ipw_Irq.o
 .ARM.attributes
                0x00000cf9       0x34 ./RTD/src/Wdog_Ip.o
 .ARM.attributes
                0x00000d2d       0x37 ./board/Clock_Ip_Cfg.o
 .ARM.attributes
                0x00000d64       0x37 ./board/Clock_Ip_PBcfg.o
 .ARM.attributes
                0x00000d9b       0x37 ./board/Port_Ci_Port_Ip_Cfg.o
 .ARM.attributes
                0x00000dd2       0x37 ./generate/IntCtrl_Ip/IntCtrl_Ip_Cfg.o
 .ARM.attributes
                0x00000e09       0x37 ./generate/src/Ewm_Ip_VS_0_PBcfg.o
 .ARM.attributes
                0x00000e40       0x37 ./generate/src/Ftm_Gpt_Ip_VS_0_PBcfg.o
 .ARM.attributes
                0x00000e77       0x37 ./generate/src/Gpt_Cfg.o
 .ARM.attributes
                0x00000eae       0x37 ./generate/src/Gpt_Ipw_VS_0_PBcfg.o
 .ARM.attributes
                0x00000ee5       0x37 ./generate/src/Gpt_VS_0_PBcfg.o
 .ARM.attributes
                0x00000f1c       0x37 ./generate/src/LPit_Gpt_Ip_VS_0_PBcfg.o
 .ARM.attributes
                0x00000f53       0x37 ./generate/src/Lptmr_Gpt_Ip_VS_0_PBcfg.o
 .ARM.attributes
                0x00000f8a       0x37 ./generate/src/Mcu_Cfg.o
 .ARM.attributes
                0x00000fc1       0x37 ./generate/src/Mcu_VS_0_PBcfg.o
 .ARM.attributes
                0x00000ff8       0x37 ./generate/src/OsIf_Cfg.o
 .ARM.attributes
                0x0000102f       0x37 ./generate/src/Platform_Cfg.o
 .ARM.attributes
                0x00001066       0x37 ./generate/src/Platform_Ipw_Cfg.o
 .ARM.attributes
                0x0000109d       0x37 ./generate/src/Power_Ip_Cfg.o
 .ARM.attributes
                0x000010d4       0x37 ./generate/src/Power_Ip_VS_0_PBcfg.o
 .ARM.attributes
                0x0000110b       0x37 ./generate/src/Ram_Ip_Cfg.o
 .ARM.attributes
                0x00001142       0x37 ./generate/src/Ram_Ip_VS_0_PBcfg.o
 .ARM.attributes
                0x00001179       0x37 ./generate/src/SRtc_Ip_VS_0_PBcfg.o
 .ARM.attributes
                0x000011b0       0x37 ./generate/src/Wdg_43_Instance0_Cfg.o
 .ARM.attributes
                0x000011e7       0x37 ./generate/src/Wdg_43_Instance0_Ipw_VS_0_PBcfg.o
 .ARM.attributes
                0x0000121e       0x37 ./generate/src/Wdg_43_Instance0_VS_0_PBcfg.o
 .ARM.attributes
                0x00001255       0x37 ./generate/src/Wdg_43_Instance1_Cfg.o
 .ARM.attributes
                0x0000128c       0x37 ./generate/src/Wdg_43_Instance1_Ipw_VS_0_PBcfg.o
 .ARM.attributes
                0x000012c3       0x37 ./generate/src/Wdg_43_Instance1_VS_0_PBcfg.o
 .ARM.attributes
                0x000012fa       0x37 ./generate/src/Wdg_CfgExt.o
 .ARM.attributes
                0x00001331       0x37 ./generate/src/Wdog_Ip_VS_0_PBcfg.o
 .ARM.attributes
                0x00001368       0x34 ./src/main.o

.comment        0x00000000       0x80
 .comment       0x00000000       0x80 ./Project_Settings/Startup_Code/exceptions.o
                                 0x81 (size before relaxing)
 .comment       0x00000080       0x81 ./Project_Settings/Startup_Code/nvic.o
 .comment       0x00000080       0x81 ./Project_Settings/Startup_Code/startup.o
 .comment       0x00000080       0x81 ./Project_Settings/Startup_Code/system.o
 .comment       0x00000080       0x81 ./RTD/src/Clock_Ip.o
 .comment       0x00000080       0x81 ./RTD/src/Clock_Ip_Data.o
 .comment       0x00000080       0x81 ./RTD/src/Clock_Ip_Divider.o
 .comment       0x00000080       0x81 ./RTD/src/Clock_Ip_DividerTrigger.o
 .comment       0x00000080       0x81 ./RTD/src/Clock_Ip_ExtOsc.o
 .comment       0x00000080       0x81 ./RTD/src/Clock_Ip_FracDiv.o
 .comment       0x00000080       0x81 ./RTD/src/Clock_Ip_Frequency.o
 .comment       0x00000080       0x81 ./RTD/src/Clock_Ip_Gate.o
 .comment       0x00000080       0x81 ./RTD/src/Clock_Ip_IntOsc.o
 .comment       0x00000080       0x81 ./RTD/src/Clock_Ip_Irq.o
 .comment       0x00000080       0x81 ./RTD/src/Clock_Ip_Monitor.o
 .comment       0x00000080       0x81 ./RTD/src/Clock_Ip_Pll.o
 .comment       0x00000080       0x81 ./RTD/src/Clock_Ip_ProgFreqSwitch.o
 .comment       0x00000080       0x81 ./RTD/src/Clock_Ip_Selector.o
 .comment       0x00000080       0x81 ./RTD/src/Clock_Ip_Specific.o
 .comment       0x00000080       0x81 ./RTD/src/Det.o
 .comment       0x00000080       0x81 ./RTD/src/Det_stub.o
 .comment       0x00000080       0x81 ./RTD/src/Ewm_Ip.o
 .comment       0x00000080       0x81 ./RTD/src/Ftm_Gpt_Ip.o
 .comment       0x00000080       0x81 ./RTD/src/Gpt.o
 .comment       0x00000080       0x81 ./RTD/src/Gpt_Ipw.o
 .comment       0x00000080       0x81 ./RTD/src/IntCtrl_Ip.o
 .comment       0x00000080       0x81 ./RTD/src/LPit_Gpt_Ip.o
 .comment       0x00000080       0x81 ./RTD/src/Lptmr_Gpt_Ip.o
 .comment       0x00000080       0x81 ./RTD/src/Mcu.o
 .comment       0x00000080       0x81 ./RTD/src/Mcu_Dem_Wrapper.o
 .comment       0x00000080       0x81 ./RTD/src/Mcu_IPW.o
 .comment       0x00000080       0x81 ./RTD/src/Mcu_IPW_Irq.o
 .comment       0x00000080       0x81 ./RTD/src/OsIf_Timer.o
 .comment       0x00000080       0x81 ./RTD/src/OsIf_Timer_System.o
 .comment       0x00000080       0x81 ./RTD/src/Platform.o
 .comment       0x00000080       0x81 ./RTD/src/Platform_Ipw.o
 .comment       0x00000080       0x81 ./RTD/src/Port_Ci_Port_Ip.o
 .comment       0x00000080       0x81 ./RTD/src/Power_Ip.o
 .comment       0x00000080       0x81 ./RTD/src/Power_Ip_CMU.o
 .comment       0x00000080       0x81 ./RTD/src/Power_Ip_CortexM4.o
 .comment       0x00000080       0x81 ./RTD/src/Power_Ip_PCC.o
 .comment       0x00000080       0x81 ./RTD/src/Power_Ip_PMC.o
 .comment       0x00000080       0x81 ./RTD/src/Power_Ip_PMC_Irq.o
 .comment       0x00000080       0x81 ./RTD/src/Power_Ip_Private.o
 .comment       0x00000080       0x81 ./RTD/src/Power_Ip_RCM.o
 .comment       0x00000080       0x81 ./RTD/src/Power_Ip_RCM_Irq.o
 .comment       0x00000080       0x81 ./RTD/src/Power_Ip_SCG.o
 .comment       0x00000080       0x81 ./RTD/src/Power_Ip_SIM.o
 .comment       0x00000080       0x81 ./RTD/src/Power_Ip_SMC.o
 .comment       0x00000080       0x81 ./RTD/src/Ram_Ip.o
 .comment       0x00000080       0x81 ./RTD/src/SRtc_Ip.o
 .comment       0x00000080       0x81 ./RTD/src/SchM_Gpt.o
 .comment       0x00000080       0x81 ./RTD/src/SchM_Mcu.o
 .comment       0x00000080       0x81 ./RTD/src/SchM_Port.o
 .comment       0x00000080       0x81 ./RTD/src/SchM_Wdg.o
 .comment       0x00000080       0x81 ./RTD/src/System_Ip.o
 .comment       0x00000080       0x81 ./RTD/src/WdgIf.o
 .comment       0x00000080       0x81 ./RTD/src/Wdg_43_Instance0.o
 .comment       0x00000080       0x81 ./RTD/src/Wdg_43_Instance1.o
 .comment       0x00000080       0x81 ./RTD/src/Wdg_Channel.o
 .comment       0x00000080       0x81 ./RTD/src/Wdg_Ipw.o
 .comment       0x00000080       0x81 ./RTD/src/Wdg_Ipw_Irq.o
 .comment       0x00000080       0x81 ./RTD/src/Wdog_Ip.o
 .comment       0x00000080       0x81 ./board/Clock_Ip_Cfg.o
 .comment       0x00000080       0x81 ./board/Clock_Ip_PBcfg.o
 .comment       0x00000080       0x81 ./board/Port_Ci_Port_Ip_Cfg.o
 .comment       0x00000080       0x81 ./generate/IntCtrl_Ip/IntCtrl_Ip_Cfg.o
 .comment       0x00000080       0x81 ./generate/src/Ewm_Ip_VS_0_PBcfg.o
 .comment       0x00000080       0x81 ./generate/src/Ftm_Gpt_Ip_VS_0_PBcfg.o
 .comment       0x00000080       0x81 ./generate/src/Gpt_Cfg.o
 .comment       0x00000080       0x81 ./generate/src/Gpt_Ipw_VS_0_PBcfg.o
 .comment       0x00000080       0x81 ./generate/src/Gpt_VS_0_PBcfg.o
 .comment       0x00000080       0x81 ./generate/src/LPit_Gpt_Ip_VS_0_PBcfg.o
 .comment       0x00000080       0x81 ./generate/src/Lptmr_Gpt_Ip_VS_0_PBcfg.o
 .comment       0x00000080       0x81 ./generate/src/Mcu_Cfg.o
 .comment       0x00000080       0x81 ./generate/src/Mcu_VS_0_PBcfg.o
 .comment       0x00000080       0x81 ./generate/src/OsIf_Cfg.o
 .comment       0x00000080       0x81 ./generate/src/Platform_Cfg.o
 .comment       0x00000080       0x81 ./generate/src/Platform_Ipw_Cfg.o
 .comment       0x00000080       0x81 ./generate/src/Power_Ip_Cfg.o
 .comment       0x00000080       0x81 ./generate/src/Power_Ip_VS_0_PBcfg.o
 .comment       0x00000080       0x81 ./generate/src/Ram_Ip_Cfg.o
 .comment       0x00000080       0x81 ./generate/src/Ram_Ip_VS_0_PBcfg.o
 .comment       0x00000080       0x81 ./generate/src/SRtc_Ip_VS_0_PBcfg.o
 .comment       0x00000080       0x81 ./generate/src/Wdg_43_Instance0_Cfg.o
 .comment       0x00000080       0x81 ./generate/src/Wdg_43_Instance0_Ipw_VS_0_PBcfg.o
 .comment       0x00000080       0x81 ./generate/src/Wdg_43_Instance0_VS_0_PBcfg.o
 .comment       0x00000080       0x81 ./generate/src/Wdg_43_Instance1_Cfg.o
 .comment       0x00000080       0x81 ./generate/src/Wdg_43_Instance1_Ipw_VS_0_PBcfg.o
 .comment       0x00000080       0x81 ./generate/src/Wdg_43_Instance1_VS_0_PBcfg.o
 .comment       0x00000080       0x81 ./generate/src/Wdg_CfgExt.o
 .comment       0x00000080       0x81 ./generate/src/Wdog_Ip_VS_0_PBcfg.o
 .comment       0x00000080       0x81 ./src/main.o

.debug_info     0x00000000    0x405d9
 .debug_info    0x00000000      0x139 ./Project_Settings/Startup_Code/exceptions.o
 .debug_info    0x00000139      0x47c ./Project_Settings/Startup_Code/nvic.o
 .debug_info    0x000005b5      0x250 ./Project_Settings/Startup_Code/startup.o
 .debug_info    0x00000805       0x26 ./Project_Settings/Startup_Code/startup_cm4.o
 .debug_info    0x0000082b      0x46e ./Project_Settings/Startup_Code/system.o
 .debug_info    0x00000c99     0x1edf ./RTD/src/Clock_Ip.o
 .debug_info    0x00002b78     0x1731 ./RTD/src/Clock_Ip_Data.o
 .debug_info    0x000042a9     0x1f06 ./RTD/src/Clock_Ip_Divider.o
 .debug_info    0x000061af     0x148a ./RTD/src/Clock_Ip_DividerTrigger.o
 .debug_info    0x00007639     0x1998 ./RTD/src/Clock_Ip_ExtOsc.o
 .debug_info    0x00008fd1     0x14b9 ./RTD/src/Clock_Ip_FracDiv.o
 .debug_info    0x0000a48a     0x1453 ./RTD/src/Clock_Ip_Frequency.o
 .debug_info    0x0000b8dd     0x1c58 ./RTD/src/Clock_Ip_Gate.o
 .debug_info    0x0000d535     0x2156 ./RTD/src/Clock_Ip_IntOsc.o
 .debug_info    0x0000f68b     0x1453 ./RTD/src/Clock_Ip_Irq.o
 .debug_info    0x00010ade     0x1507 ./RTD/src/Clock_Ip_Monitor.o
 .debug_info    0x00011fe5     0x19fb ./RTD/src/Clock_Ip_Pll.o
 .debug_info    0x000139e0     0x148a ./RTD/src/Clock_Ip_ProgFreqSwitch.o
 .debug_info    0x00014e6a     0x2335 ./RTD/src/Clock_Ip_Selector.o
 .debug_info    0x0001719f     0x2370 ./RTD/src/Clock_Ip_Specific.o
 .debug_info    0x0001950f      0x3cd ./RTD/src/Det.o
 .debug_info    0x000198dc      0x401 ./RTD/src/Det_stub.o
 .debug_info    0x00019cdd      0x5e4 ./RTD/src/Ewm_Ip.o
 .debug_info    0x0001a2c1     0x152d ./RTD/src/Ftm_Gpt_Ip.o
 .debug_info    0x0001b7ee     0x131e ./RTD/src/Gpt.o
 .debug_info    0x0001cb0c      0xf37 ./RTD/src/Gpt_Ipw.o
 .debug_info    0x0001da43      0xd35 ./RTD/src/IntCtrl_Ip.o
 .debug_info    0x0001e778     0x1065 ./RTD/src/LPit_Gpt_Ip.o
 .debug_info    0x0001f7dd       0x7d ./RTD/src/Lptmr_Gpt_Ip.o
 .debug_info    0x0001f85a     0x1219 ./RTD/src/Mcu.o
 .debug_info    0x00020a73      0xd0c ./RTD/src/Mcu_Dem_Wrapper.o
 .debug_info    0x0002177f     0x1183 ./RTD/src/Mcu_IPW.o
 .debug_info    0x00022902     0x16c7 ./RTD/src/Mcu_IPW_Irq.o
 .debug_info    0x00023fc9      0x2c4 ./RTD/src/OsIf_Timer.o
 .debug_info    0x0002428d       0x7d ./RTD/src/OsIf_Timer_System.o
 .debug_info    0x0002430a      0xb4d ./RTD/src/Platform.o
 .debug_info    0x00024e57      0x6a0 ./RTD/src/Platform_Ipw.o
 .debug_info    0x000254f7      0xac9 ./RTD/src/Port_Ci_Port_Ip.o
 .debug_info    0x00025fc0      0x674 ./RTD/src/Power_Ip.o
 .debug_info    0x00026634      0x2d4 ./RTD/src/Power_Ip_CMU.o
 .debug_info    0x00026908      0x198 ./RTD/src/Power_Ip_CortexM4.o
 .debug_info    0x00026aa0       0x7d ./RTD/src/Power_Ip_PCC.o
 .debug_info    0x00026b1d      0x37d ./RTD/src/Power_Ip_PMC.o
 .debug_info    0x00026e9a      0x26d ./RTD/src/Power_Ip_PMC_Irq.o
 .debug_info    0x00027107      0x4a2 ./RTD/src/Power_Ip_Private.o
 .debug_info    0x000275a9      0x4fc ./RTD/src/Power_Ip_RCM.o
 .debug_info    0x00027aa5      0x26d ./RTD/src/Power_Ip_RCM_Irq.o
 .debug_info    0x00027d12      0x4a9 ./RTD/src/Power_Ip_SCG.o
 .debug_info    0x000281bb      0x26d ./RTD/src/Power_Ip_SIM.o
 .debug_info    0x00028428      0x5a0 ./RTD/src/Power_Ip_SMC.o
 .debug_info    0x000289c8      0x27c ./RTD/src/Ram_Ip.o
 .debug_info    0x00028c44       0x7d ./RTD/src/SRtc_Ip.o
 .debug_info    0x00028cc1     0x1e0c ./RTD/src/SchM_Gpt.o
 .debug_info    0x0002aacd      0x2e0 ./RTD/src/SchM_Mcu.o
 .debug_info    0x0002adad      0x658 ./RTD/src/SchM_Port.o
 .debug_info    0x0002b405      0x9d0 ./RTD/src/SchM_Wdg.o
 .debug_info    0x0002bdd5      0x395 ./RTD/src/System_Ip.o
 .debug_info    0x0002c16a      0xea7 ./RTD/src/WdgIf.o
 .debug_info    0x0002d011      0xf9c ./RTD/src/Wdg_43_Instance0.o
 .debug_info    0x0002dfad      0xf9c ./RTD/src/Wdg_43_Instance1.o
 .debug_info    0x0002ef49     0x1863 ./RTD/src/Wdg_Channel.o
 .debug_info    0x000307ac      0x77f ./RTD/src/Wdg_Ipw.o
 .debug_info    0x00030f2b       0xb7 ./RTD/src/Wdg_Ipw_Irq.o
 .debug_info    0x00030fe2      0xce7 ./RTD/src/Wdog_Ip.o
 .debug_info    0x00031cc9     0x1453 ./board/Clock_Ip_Cfg.o
 .debug_info    0x0003311c     0x1461 ./board/Clock_Ip_PBcfg.o
 .debug_info    0x0003457d       0x7d ./board/Port_Ci_Port_Ip_Cfg.o
 .debug_info    0x000345fa      0x3fe ./generate/IntCtrl_Ip/IntCtrl_Ip_Cfg.o
 .debug_info    0x000349f8      0x170 ./generate/src/Ewm_Ip_VS_0_PBcfg.o
 .debug_info    0x00034b68      0x1ef ./generate/src/Ftm_Gpt_Ip_VS_0_PBcfg.o
 .debug_info    0x00034d57       0x7d ./generate/src/Gpt_Cfg.o
 .debug_info    0x00034dd4      0xa68 ./generate/src/Gpt_Ipw_VS_0_PBcfg.o
 .debug_info    0x0003583c      0xaa8 ./generate/src/Gpt_VS_0_PBcfg.o
 .debug_info    0x000362e4      0x18a ./generate/src/LPit_Gpt_Ip_VS_0_PBcfg.o
 .debug_info    0x0003646e       0x7d ./generate/src/Lptmr_Gpt_Ip_VS_0_PBcfg.o
 .debug_info    0x000364eb      0xe41 ./generate/src/Mcu_Cfg.o
 .debug_info    0x0003732c      0xe4f ./generate/src/Mcu_VS_0_PBcfg.o
 .debug_info    0x0003817b       0x7d ./generate/src/OsIf_Cfg.o
 .debug_info    0x000381f8      0x6dd ./generate/src/Platform_Cfg.o
 .debug_info    0x000388d5      0x684 ./generate/src/Platform_Ipw_Cfg.o
 .debug_info    0x00038f59      0x26d ./generate/src/Power_Ip_Cfg.o
 .debug_info    0x000391c6      0x2bf ./generate/src/Power_Ip_VS_0_PBcfg.o
 .debug_info    0x00039485      0x1a1 ./generate/src/Ram_Ip_Cfg.o
 .debug_info    0x00039626      0x1a1 ./generate/src/Ram_Ip_VS_0_PBcfg.o
 .debug_info    0x000397c7       0x7d ./generate/src/SRtc_Ip_VS_0_PBcfg.o
 .debug_info    0x00039844      0xcc6 ./generate/src/Wdg_43_Instance0_Cfg.o
 .debug_info    0x0003a50a      0x378 ./generate/src/Wdg_43_Instance0_Ipw_VS_0_PBcfg.o
 .debug_info    0x0003a882      0xe5f ./generate/src/Wdg_43_Instance0_VS_0_PBcfg.o
 .debug_info    0x0003b6e1      0xcc6 ./generate/src/Wdg_43_Instance1_Cfg.o
 .debug_info    0x0003c3a7      0x32c ./generate/src/Wdg_43_Instance1_Ipw_VS_0_PBcfg.o
 .debug_info    0x0003c6d3      0xe3b ./generate/src/Wdg_43_Instance1_VS_0_PBcfg.o
 .debug_info    0x0003d50e      0xd14 ./generate/src/Wdg_CfgExt.o
 .debug_info    0x0003e222      0x20e ./generate/src/Wdog_Ip_VS_0_PBcfg.o
 .debug_info    0x0003e430     0x21a9 ./src/main.o

.debug_abbrev   0x00000000     0x8363
 .debug_abbrev  0x00000000       0x47 ./Project_Settings/Startup_Code/exceptions.o
 .debug_abbrev  0x00000047      0x102 ./Project_Settings/Startup_Code/nvic.o
 .debug_abbrev  0x00000149       0xf1 ./Project_Settings/Startup_Code/startup.o
 .debug_abbrev  0x0000023a       0x14 ./Project_Settings/Startup_Code/startup_cm4.o
 .debug_abbrev  0x0000024e      0x17a ./Project_Settings/Startup_Code/system.o
 .debug_abbrev  0x000003c8      0x435 ./RTD/src/Clock_Ip.o
 .debug_abbrev  0x000007fd      0x19f ./RTD/src/Clock_Ip_Data.o
 .debug_abbrev  0x0000099c      0x274 ./RTD/src/Clock_Ip_Divider.o
 .debug_abbrev  0x00000c10      0x1a3 ./RTD/src/Clock_Ip_DividerTrigger.o
 .debug_abbrev  0x00000db3      0x2dd ./RTD/src/Clock_Ip_ExtOsc.o
 .debug_abbrev  0x00001090      0x1d3 ./RTD/src/Clock_Ip_FracDiv.o
 .debug_abbrev  0x00001263      0x167 ./RTD/src/Clock_Ip_Frequency.o
 .debug_abbrev  0x000013ca      0x2db ./RTD/src/Clock_Ip_Gate.o
 .debug_abbrev  0x000016a5      0x373 ./RTD/src/Clock_Ip_IntOsc.o
 .debug_abbrev  0x00001a18      0x167 ./RTD/src/Clock_Ip_Irq.o
 .debug_abbrev  0x00001b7f      0x221 ./RTD/src/Clock_Ip_Monitor.o
 .debug_abbrev  0x00001da0      0x31a ./RTD/src/Clock_Ip_Pll.o
 .debug_abbrev  0x000020ba      0x1a3 ./RTD/src/Clock_Ip_ProgFreqSwitch.o
 .debug_abbrev  0x0000225d      0x27b ./RTD/src/Clock_Ip_Selector.o
 .debug_abbrev  0x000024d8      0x334 ./RTD/src/Clock_Ip_Specific.o
 .debug_abbrev  0x0000280c      0x109 ./RTD/src/Det.o
 .debug_abbrev  0x00002915       0xd4 ./RTD/src/Det_stub.o
 .debug_abbrev  0x000029e9      0x235 ./RTD/src/Ewm_Ip.o
 .debug_abbrev  0x00002c1e      0x2d7 ./RTD/src/Ftm_Gpt_Ip.o
 .debug_abbrev  0x00002ef5      0x310 ./RTD/src/Gpt.o
 .debug_abbrev  0x00003205      0x294 ./RTD/src/Gpt_Ipw.o
 .debug_abbrev  0x00003499      0x295 ./RTD/src/IntCtrl_Ip.o
 .debug_abbrev  0x0000372e      0x2b7 ./RTD/src/LPit_Gpt_Ip.o
 .debug_abbrev  0x000039e5       0x29 ./RTD/src/Lptmr_Gpt_Ip.o
 .debug_abbrev  0x00003a0e      0x200 ./RTD/src/Mcu.o
 .debug_abbrev  0x00003c0e      0x110 ./RTD/src/Mcu_Dem_Wrapper.o
 .debug_abbrev  0x00003d1e      0x1d9 ./RTD/src/Mcu_IPW.o
 .debug_abbrev  0x00003ef7      0x167 ./RTD/src/Mcu_IPW_Irq.o
 .debug_abbrev  0x0000405e      0x1ea ./RTD/src/OsIf_Timer.o
 .debug_abbrev  0x00004248       0x29 ./RTD/src/OsIf_Timer_System.o
 .debug_abbrev  0x00004271      0x266 ./RTD/src/Platform.o
 .debug_abbrev  0x000044d7      0x17b ./RTD/src/Platform_Ipw.o
 .debug_abbrev  0x00004652      0x210 ./RTD/src/Port_Ci_Port_Ip.o
 .debug_abbrev  0x00004862      0x219 ./RTD/src/Power_Ip.o
 .debug_abbrev  0x00004a7b       0xb5 ./RTD/src/Power_Ip_CMU.o
 .debug_abbrev  0x00004b30       0xd6 ./RTD/src/Power_Ip_CortexM4.o
 .debug_abbrev  0x00004c06       0x29 ./RTD/src/Power_Ip_PCC.o
 .debug_abbrev  0x00004c2f      0x108 ./RTD/src/Power_Ip_PMC.o
 .debug_abbrev  0x00004d37       0xa5 ./RTD/src/Power_Ip_PMC_Irq.o
 .debug_abbrev  0x00004ddc      0x15b ./RTD/src/Power_Ip_Private.o
 .debug_abbrev  0x00004f37      0x17a ./RTD/src/Power_Ip_RCM.o
 .debug_abbrev  0x000050b1       0xa5 ./RTD/src/Power_Ip_RCM_Irq.o
 .debug_abbrev  0x00005156      0x11d ./RTD/src/Power_Ip_SCG.o
 .debug_abbrev  0x00005273       0xa5 ./RTD/src/Power_Ip_SIM.o
 .debug_abbrev  0x00005318      0x1c1 ./RTD/src/Power_Ip_SMC.o
 .debug_abbrev  0x000054d9       0xf8 ./RTD/src/Ram_Ip.o
 .debug_abbrev  0x000055d1       0x29 ./RTD/src/SRtc_Ip.o
 .debug_abbrev  0x000055fa       0xeb ./RTD/src/SchM_Gpt.o
 .debug_abbrev  0x000056e5       0xeb ./RTD/src/SchM_Mcu.o
 .debug_abbrev  0x000057d0       0xeb ./RTD/src/SchM_Port.o
 .debug_abbrev  0x000058bb       0xeb ./RTD/src/SchM_Wdg.o
 .debug_abbrev  0x000059a6      0x166 ./RTD/src/System_Ip.o
 .debug_abbrev  0x00005b0c      0x14c ./RTD/src/WdgIf.o
 .debug_abbrev  0x00005c58      0x1f4 ./RTD/src/Wdg_43_Instance0.o