LPit_Gpt_Ip.c:426:8:Lpit_Gpt_Ip_GetInterruptFlagTimerChannels	8	static
LPit_Gpt_Ip.c:445:8:Lpit_Gpt_Ip_GetTimerInterruptEnable	0	static
LPit_Gpt_Ip.c:465:8:Lpit_Gpt_Ip_GetCurrentTimervalue	0	static
LPit_Gpt_Ip.c:480:8:Lpit_Gpt_Ip_GetTimerValue	0	static
LPit_Gpt_Ip.c:503:6:Lpit_Gpt_Ip_Init	16	static
LPit_Gpt_Ip.c:535:6:Lpit_Gpt_Ip_InitChannel	24	static
LPit_Gpt_Ip.c:585:6:Lpit_Gpt_Ip_Deinit	24	static
LPit_Gpt_Ip.c:632:6:Lpit_Gpt_Ip_StartTimer	24	static
LPit_Gpt_Ip.c:661:6:Lpit_Gpt_Ip_StopTimer	16	static
LPit_Gpt_Ip.c:686:6:Lpit_Gpt_Ip_EnableChInterrupt	16	static
LPit_Gpt_Ip.c:710:6:Lpit_Gpt_Ip_DisableChInterrupt	16	static
LPit_Gpt_Ip.c:823:1:LPIT_0_CH_0_ISR	8	static
