SchM_Wdg.c:323:8:Wdg_schm_read_msr	0	static
SchM_Wdg.c:407:6:SchM_Enter_Wdg_WDG_EXCLUSIVE_AREA_00	0	static
SchM_Wdg.c:429:6:SchM_Exit_Wdg_WDG_EXCLUSIVE_AREA_00	0	static
SchM_Wdg.c:443:6:SchM_Enter_Wdg_WDG_EXCLUSIVE_AREA_01	0	static
SchM_Wdg.c:465:6:SchM_Exit_Wdg_WDG_EXCLUSIVE_AREA_01	0	static
SchM_Wdg.c:479:6:SchM_Enter_Wdg_WDG_EXCLUSIVE_AREA_02	0	static
SchM_Wdg.c:501:6:SchM_Exit_Wdg_WDG_EXCLUSIVE_AREA_02	0	static
SchM_Wdg.c:515:6:SchM_Enter_Wdg_WDG_EXCLUSIVE_AREA_03	0	static
SchM_Wdg.c:537:6:SchM_Exit_Wdg_WDG_EXCLUSIVE_AREA_03	0	static
SchM_Wdg.c:551:6:SchM_Enter_Wdg_WDG_EXCLUSIVE_AREA_04	0	static
SchM_Wdg.c:573:6:SchM_Exit_Wdg_WDG_EXCLUSIVE_AREA_04	0	static
SchM_Wdg.c:587:6:SchM_Enter_Wdg_WDG_EXCLUSIVE_AREA_05	0	static
SchM_Wdg.c:609:6:SchM_Exit_Wdg_WDG_EXCLUSIVE_AREA_05	0	static
SchM_Wdg.c:623:6:SchM_Enter_Wdg_WDG_EXCLUSIVE_AREA_06	0	static
SchM_Wdg.c:645:6:SchM_Exit_Wdg_WDG_EXCLUSIVE_AREA_06	0	static
SchM_Wdg.c:659:6:SchM_Enter_Wdg_WDG_EXCLUSIVE_AREA_07	0	static
SchM_Wdg.c:681:6:SchM_Exit_Wdg_WDG_EXCLUSIVE_AREA_07	0	static
SchM_Wdg.c:695:6:SchM_Enter_Wdg_WDG_EXCLUSIVE_AREA_08	0	static
SchM_Wdg.c:717:6:SchM_Exit_Wdg_WDG_EXCLUSIVE_AREA_08	0	static
SchM_Wdg.c:731:6:SchM_Enter_Wdg_WDG_EXCLUSIVE_AREA_09	0	static
SchM_Wdg.c:753:6:SchM_Exit_Wdg_WDG_EXCLUSIVE_AREA_09	0	static
SchM_Wdg.c:767:6:SchM_Enter_Wdg_WDG_EXCLUSIVE_AREA_10	0	static
SchM_Wdg.c:789:6:SchM_Exit_Wdg_WDG_EXCLUSIVE_AREA_10	0	static
SchM_Wdg.c:803:6:SchM_Enter_Wdg_WDG_EXCLUSIVE_AREA_11	0	static
SchM_Wdg.c:825:6:SchM_Exit_Wdg_WDG_EXCLUSIVE_AREA_11	0	static
SchM_Wdg.c:839:6:SchM_Enter_Wdg_WDG_EXCLUSIVE_AREA_12	0	static
SchM_Wdg.c:861:6:SchM_Exit_Wdg_WDG_EXCLUSIVE_AREA_12	0	static
SchM_Wdg.c:875:6:SchM_Enter_Wdg_WDG_EXCLUSIVE_AREA_13	0	static
SchM_Wdg.c:897:6:SchM_Exit_Wdg_WDG_EXCLUSIVE_AREA_13	0	static
SchM_Wdg.c:911:6:SchM_Enter_Wdg_WDG_EXCLUSIVE_AREA_14	0	static
SchM_Wdg.c:933:6:SchM_Exit_Wdg_WDG_EXCLUSIVE_AREA_14	0	static
